Component: ARM Compiler 6.16 Tool: armlink [5dfeaa00]

==============================================================================

Section Cross References

    startup_stm32l476xx.o(RESET) refers to startup_stm32l476xx.o(STACK) for __initial_sp
    startup_stm32l476xx.o(RESET) refers to startup_stm32l476xx.o(.text) for Reset_Handler
    startup_stm32l476xx.o(RESET) refers to stm32l4xx_it.o(.text.NMI_Handler) for NMI_Handler
    startup_stm32l476xx.o(RESET) refers to stm32l4xx_it.o(.text.HardFault_Handler) for HardFault_Handler
    startup_stm32l476xx.o(RESET) refers to stm32l4xx_it.o(.text.MemManage_Handler) for MemManage_Handler
    startup_stm32l476xx.o(RESET) refers to stm32l4xx_it.o(.text.BusFault_Handler) for BusFault_Handler
    startup_stm32l476xx.o(RESET) refers to stm32l4xx_it.o(.text.UsageFault_Handler) for UsageFault_Handler
    startup_stm32l476xx.o(RESET) refers to stm32l4xx_it.o(.text.SVC_Handler) for SVC_Handler
    startup_stm32l476xx.o(RESET) refers to stm32l4xx_it.o(.text.DebugMon_Handler) for DebugMon_Handler
    startup_stm32l476xx.o(RESET) refers to stm32l4xx_it.o(.text.PendSV_Handler) for PendSV_Handler
    startup_stm32l476xx.o(RESET) refers to stm32l4xx_it.o(.text.SysTick_Handler) for SysTick_Handler
    startup_stm32l476xx.o(.text) refers to system_stm32l4xx.o(.text.SystemInit) for SystemInit
    startup_stm32l476xx.o(.text) refers to entry.o(.ARM.Collect$$$$00000000) for __main
    main.o(.text.main) refers to memcpya.o(.text) for __aeabi_memcpy
    main.o(.text.main) refers to stm32l4xx_hal.o(.text.HAL_Init) for HAL_Init
    main.o(.text.main) refers to main.o(.text.SystemClock_Config) for SystemClock_Config
    main.o(.text.main) refers to stm32l4xx_hal_gpio.o(.text.HAL_GPIO_WritePin) for HAL_GPIO_WritePin
    main.o(.text.main) refers to stm32l4xx_hal_gpio.o(.text.HAL_GPIO_Init) for HAL_GPIO_Init
    main.o(.text.main) refers to stm32l4xx_hal_uart.o(.text.HAL_UART_Init) for HAL_UART_Init
    main.o(.text.main) refers to stm32l4xx_hal_uart.o(.text.HAL_UART_Transmit) for HAL_UART_Transmit
    main.o(.text.main) refers to stm32l4xx_hal.o(.text.HAL_Delay) for HAL_Delay
    main.o(.text.main) refers to main.o(.bss.huart1) for huart1
    main.o(.ARM.exidx.text.main) refers to main.o(.text.main) for [Anonymous Symbol]
    main.o(.text.SystemClock_Config) refers to memseta.o(.text) for __aeabi_memclr4
    main.o(.text.SystemClock_Config) refers to stm32l4xx_hal_rcc.o(.text.HAL_RCC_OscConfig) for HAL_RCC_OscConfig
    main.o(.text.SystemClock_Config) refers to stm32l4xx_hal_rcc.o(.text.HAL_RCC_ClockConfig) for HAL_RCC_ClockConfig
    main.o(.text.SystemClock_Config) refers to stm32l4xx_hal_rcc_ex.o(.text.HAL_RCCEx_PeriphCLKConfig) for HAL_RCCEx_PeriphCLKConfig
    main.o(.text.SystemClock_Config) refers to stm32l4xx_hal_pwr_ex.o(.text.HAL_PWREx_ControlVoltageScaling) for HAL_PWREx_ControlVoltageScaling
    main.o(.ARM.exidx.text.SystemClock_Config) refers to main.o(.text.SystemClock_Config) for [Anonymous Symbol]
    main.o(.ARM.exidx.text.Error_Handler) refers to main.o(.text.Error_Handler) for [Anonymous Symbol]
    stm32l4xx_it.o(.ARM.exidx.text.NMI_Handler) refers to stm32l4xx_it.o(.text.NMI_Handler) for [Anonymous Symbol]
    stm32l4xx_it.o(.ARM.exidx.text.HardFault_Handler) refers to stm32l4xx_it.o(.text.HardFault_Handler) for [Anonymous Symbol]
    stm32l4xx_it.o(.ARM.exidx.text.MemManage_Handler) refers to stm32l4xx_it.o(.text.MemManage_Handler) for [Anonymous Symbol]
    stm32l4xx_it.o(.ARM.exidx.text.BusFault_Handler) refers to stm32l4xx_it.o(.text.BusFault_Handler) for [Anonymous Symbol]
    stm32l4xx_it.o(.ARM.exidx.text.UsageFault_Handler) refers to stm32l4xx_it.o(.text.UsageFault_Handler) for [Anonymous Symbol]
    stm32l4xx_it.o(.ARM.exidx.text.SVC_Handler) refers to stm32l4xx_it.o(.text.SVC_Handler) for [Anonymous Symbol]
    stm32l4xx_it.o(.ARM.exidx.text.DebugMon_Handler) refers to stm32l4xx_it.o(.text.DebugMon_Handler) for [Anonymous Symbol]
    stm32l4xx_it.o(.ARM.exidx.text.PendSV_Handler) refers to stm32l4xx_it.o(.text.PendSV_Handler) for [Anonymous Symbol]
    stm32l4xx_it.o(.text.SysTick_Handler) refers to stm32l4xx_hal.o(.text.HAL_IncTick) for HAL_IncTick
    stm32l4xx_it.o(.ARM.exidx.text.SysTick_Handler) refers to stm32l4xx_it.o(.text.SysTick_Handler) for [Anonymous Symbol]
    stm32l4xx_hal_msp.o(.ARM.exidx.text.HAL_MspInit) refers to stm32l4xx_hal_msp.o(.text.HAL_MspInit) for [Anonymous Symbol]
    stm32l4xx_hal_msp.o(.text.HAL_UART_MspInit) refers to stm32l4xx_hal_gpio.o(.text.HAL_GPIO_Init) for HAL_GPIO_Init
    stm32l4xx_hal_msp.o(.ARM.exidx.text.HAL_UART_MspInit) refers to stm32l4xx_hal_msp.o(.text.HAL_UART_MspInit) for [Anonymous Symbol]
    stm32l4xx_hal_msp.o(.text.HAL_UART_MspDeInit) refers to stm32l4xx_hal_gpio.o(.text.HAL_GPIO_DeInit) for HAL_GPIO_DeInit
    stm32l4xx_hal_msp.o(.ARM.exidx.text.HAL_UART_MspDeInit) refers to stm32l4xx_hal_msp.o(.text.HAL_UART_MspDeInit) for [Anonymous Symbol]
[...]
    Removing stm32l4xx_hal_i2c.o(.text.OUTLINED_FUNCTION_74), (14 bytes).
    Removing stm32l4xx_hal_i2c.o(.ARM.exidx.text.OUTLINED_FUNCTION_74), (8 bytes).
    Removing stm32l4xx_hal_i2c.o(.text.OUTLINED_FUNCTION_75), (14 bytes).
    Removing stm32l4xx_hal_i2c.o(.ARM.exidx.text.OUTLINED_FUNCTION_75), (8 bytes).
    Removing stm32l4xx_hal_i2c.o(.text.OUTLINED_FUNCTION_76), (14 bytes).
    Removing stm32l4xx_hal_i2c.o(.ARM.exidx.text.OUTLINED_FUNCTION_76), (8 bytes).
    Removing stm32l4xx_hal_i2c.o(.text.OUTLINED_FUNCTION_77), (14 bytes).
    Removing stm32l4xx_hal_i2c.o(.ARM.exidx.text.OUTLINED_FUNCTION_77), (8 bytes).
    Removing stm32l4xx_hal_i2c.o(.text.OUTLINED_FUNCTION_78), (6 bytes).
    Removing stm32l4xx_hal_i2c.o(.ARM.exidx.text.OUTLINED_FUNCTION_78), (8 bytes).
    Removing stm32l4xx_hal_i2c.o(.text.OUTLINED_FUNCTION_79), (14 bytes).
    Removing stm32l4xx_hal_i2c.o(.ARM.exidx.text.OUTLINED_FUNCTION_79), (8 bytes).
    Removing stm32l4xx_hal_i2c.o(.text.OUTLINED_FUNCTION_80), (14 bytes).
    Removing stm32l4xx_hal_i2c.o(.ARM.exidx.text.OUTLINED_FUNCTION_80), (8 bytes).
    Removing stm32l4xx_hal_i2c.o(.text.OUTLINED_FUNCTION_81), (10 bytes).
    Removing stm32l4xx_hal_i2c.o(.ARM.exidx.text.OUTLINED_FUNCTION_81), (8 bytes).
    Removing stm32l4xx_hal_i2c.o(.text.OUTLINED_FUNCTION_82), (6 bytes).
    Removing stm32l4xx_hal_i2c.o(.ARM.exidx.text.OUTLINED_FUNCTION_82), (8 bytes).
    Removing stm32l4xx_hal_i2c.o(.text.OUTLINED_FUNCTION_83), (14 bytes).
    Removing stm32l4xx_hal_i2c.o(.ARM.exidx.text.OUTLINED_FUNCTION_83), (8 bytes).
    Removing stm32l4xx_hal_i2c.o(.text.OUTLINED_FUNCTION_84), (14 bytes).
    Removing stm32l4xx_hal_i2c.o(.ARM.exidx.text.OUTLINED_FUNCTION_84), (8 bytes).
    Removing stm32l4xx_hal_i2c.o(.text.OUTLINED_FUNCTION_85), (14 bytes).
    Removing stm32l4xx_hal_i2c.o(.ARM.exidx.text.OUTLINED_FUNCTION_85), (8 bytes).
    Removing stm32l4xx_hal_i2c.o(.text.OUTLINED_FUNCTION_86), (10 bytes).
    Removing stm32l4xx_hal_i2c.o(.ARM.exidx.text.OUTLINED_FUNCTION_86), (8 bytes).
    Removing stm32l4xx_hal_i2c.o(.text.OUTLINED_FUNCTION_87), (6 bytes).
    Removing stm32l4xx_hal_i2c.o(.ARM.exidx.text.OUTLINED_FUNCTION_87), (8 bytes).
    Removing stm32l4xx_hal_i2c.o(.text.OUTLINED_FUNCTION_88), (14 bytes).
    Removing stm32l4xx_hal_i2c.o(.ARM.exidx.text.OUTLINED_FUNCTION_88), (8 bytes).
    Removing stm32l4xx_hal_i2c.o(.text.OUTLINED_FUNCTION_89), (10 bytes).
    Removing stm32l4xx_hal_i2c.o(.ARM.exidx.text.OUTLINED_FUNCTION_89), (8 bytes).
    Removing stm32l4xx_hal_i2c.o(.text.OUTLINED_FUNCTION_90), (10 bytes).
    Removing stm32l4xx_hal_i2c.o(.ARM.exidx.text.OUTLINED_FUNCTION_90), (8 bytes).
    Removing stm32l4xx_hal_i2c.o(.text.OUTLINED_FUNCTION_91), (10 bytes).
    Removing stm32l4xx_hal_i2c.o(.ARM.exidx.text.OUTLINED_FUNCTION_91), (8 bytes).
    Removing stm32l4xx_hal_i2c.o(.text.OUTLINED_FUNCTION_92), (10 bytes).
    Removing stm32l4xx_hal_i2c.o(.ARM.exidx.text.OUTLINED_FUNCTION_92), (8 bytes).
    Removing stm32l4xx_hal_i2c_ex.o(.text), (0 bytes).
    Removing stm32l4xx_hal_i2c_ex.o(.text.HAL_I2CEx_ConfigAnalogFilter), (60 bytes).
    Removing stm32l4xx_hal_i2c_ex.o(.ARM.exidx.text.HAL_I2CEx_ConfigAnalogFilter), (8 bytes).
    Removing stm32l4xx_hal_i2c_ex.o(.text.HAL_I2CEx_ConfigDigitalFilter), (58 bytes).
    Removing stm32l4xx_hal_i2c_ex.o(.ARM.exidx.text.HAL_I2CEx_ConfigDigitalFilter), (8 bytes).
    Removing stm32l4xx_hal_i2c_ex.o(.text.HAL_I2CEx_EnableWakeUp), (54 bytes).
    Removing stm32l4xx_hal_i2c_ex.o(.ARM.exidx.text.HAL_I2CEx_EnableWakeUp), (8 bytes).
    Removing stm32l4xx_hal_i2c_ex.o(.text.HAL_I2CEx_DisableWakeUp), (54 bytes).
    Removing stm32l4xx_hal_i2c_ex.o(.ARM.exidx.text.HAL_I2CEx_DisableWakeUp), (8 bytes).
    Removing stm32l4xx_hal_i2c_ex.o(.text.HAL_I2CEx_EnableFastModePlus), (44 bytes).
    Removing stm32l4xx_hal_i2c_ex.o(.ARM.exidx.text.HAL_I2CEx_EnableFastModePlus), (8 bytes).
    Removing stm32l4xx_hal_i2c_ex.o(.text.HAL_I2CEx_DisableFastModePlus), (44 bytes).
    Removing stm32l4xx_hal_i2c_ex.o(.ARM.exidx.text.HAL_I2CEx_DisableFastModePlus), (8 bytes).
    Removing stm32l4xx_hal_i2c_ex.o(.text.OUTLINED_FUNCTION_0), (24 bytes).
    Removing stm32l4xx_hal_i2c_ex.o(.ARM.exidx.text.OUTLINED_FUNCTION_0), (8 bytes).
    Removing stm32l4xx_hal_i2c_ex.o(.text.OUTLINED_FUNCTION_1), (24 bytes).
    Removing stm32l4xx_hal_i2c_ex.o(.ARM.exidx.text.OUTLINED_FUNCTION_1), (8 bytes).
    Removing stm32l4xx_hal_rcc.o(.text), (0 bytes).
    Removing stm32l4xx_hal_rcc.o(.text.HAL_RCC_DeInit), (220 bytes).
    Removing stm32l4xx_hal_rcc.o(.ARM.exidx.text.HAL_RCC_DeInit), (8 bytes).
    Removing stm32l4xx_hal_rcc.o(.ARM.exidx.text.HAL_RCC_OscConfig), (8 bytes).
    Removing stm32l4xx_hal_rcc.o(.ARM.exidx.text.RCC_SetFlashLatencyFromMSIRange), (8 bytes).
    Removing stm32l4xx_hal_rcc.o(.ARM.exidx.text.HAL_RCC_GetSysClockFreq), (8 bytes).
    Removing stm32l4xx_hal_rcc.o(.ARM.exidx.text.HAL_RCC_ClockConfig), (8 bytes).
    Removing stm32l4xx_hal_rcc.o(.text.HAL_RCC_MCOConfig), (80 bytes).
    Removing stm32l4xx_hal_rcc.o(.ARM.exidx.text.HAL_RCC_MCOConfig), (8 bytes).
    Removing stm32l4xx_hal_rcc.o(.text.HAL_RCC_GetHCLKFreq), (12 bytes).
    Removing stm32l4xx_hal_rcc.o(.ARM.exidx.text.HAL_RCC_GetHCLKFreq), (8 bytes).
    Removing stm32l4xx_hal_rcc.o(.ARM.exidx.text.HAL_RCC_GetPCLK1Freq), (8 bytes).
    Removing stm32l4xx_hal_rcc.o(.ARM.exidx.text.HAL_RCC_GetPCLK2Freq), (8 bytes).
    Removing stm32l4xx_hal_rcc.o(.text.HAL_RCC_GetOscConfig), (200 bytes).
    Removing stm32l4xx_hal_rcc.o(.ARM.exidx.text.HAL_RCC_GetOscConfig), (8 bytes).
    Removing stm32l4xx_hal_rcc.o(.text.HAL_RCC_GetClockConfig), (64 bytes).
    Removing stm32l4xx_hal_rcc.o(.ARM.exidx.text.HAL_RCC_GetClockConfig), (8 bytes).
    Removing stm32l4xx_hal_rcc.o(.text.HAL_RCC_EnableCSS), (16 bytes).
    Removing stm32l4xx_hal_rcc.o(.ARM.exidx.text.HAL_RCC_EnableCSS), (8 bytes).
    Removing stm32l4xx_hal_rcc.o(.text.HAL_RCC_NMI_IRQHandler), (28 bytes).
    Removing stm32l4xx_hal_rcc.o(.ARM.exidx.text.HAL_RCC_NMI_IRQHandler), (8 bytes).
    Removing stm32l4xx_hal_rcc.o(.text.HAL_RCC_CSSCallback), (2 bytes).
    Removing stm32l4xx_hal_rcc.o(.ARM.exidx.text.HAL_RCC_CSSCallback), (8 bytes).
    Removing stm32l4xx_hal_rcc.o(.ARM.exidx.text.OUTLINED_FUNCTION_0), (8 bytes).
    Removing stm32l4xx_hal_rcc.o(.ARM.exidx.text.OUTLINED_FUNCTION_1), (8 bytes).
    Removing stm32l4xx_hal_rcc.o(.ARM.exidx.text.OUTLINED_FUNCTION_2), (8 bytes).
    Removing stm32l4xx_hal_rcc.o(.ARM.exidx.text.OUTLINED_FUNCTION_3), (8 bytes).
    Removing stm32l4xx_hal_rcc.o(.ARM.exidx.text.OUTLINED_FUNCTION_4), (8 bytes).
    Removing stm32l4xx_hal_rcc.o(.ARM.exidx.text.OUTLINED_FUNCTION_5), (8 bytes).
    Removing stm32l4xx_hal_rcc_ex.o(.text), (0 bytes).
    Removing stm32l4xx_hal_rcc_ex.o(.ARM.exidx.text.HAL_RCCEx_PeriphCLKConfig), (8 bytes).
    Removing stm32l4xx_hal_rcc_ex.o(.ARM.exidx.text.RCCEx_PLLSAI1_Config), (8 bytes).
    Removing stm32l4xx_hal_rcc_ex.o(.ARM.exidx.text.RCCEx_PLLSAI2_Config), (8 bytes).
    Removing stm32l4xx_hal_rcc_ex.o(.text.HAL_RCCEx_GetPeriphCLKConfig), (284 bytes).
    Removing stm32l4xx_hal_rcc_ex.o(.ARM.exidx.text.HAL_RCCEx_GetPeriphCLKConfig), (8 bytes).
    Removing stm32l4xx_hal_rcc_ex.o(.text.HAL_RCCEx_GetPeriphCLKFreq), (812 bytes).
    Removing stm32l4xx_hal_rcc_ex.o(.ARM.exidx.text.HAL_RCCEx_GetPeriphCLKFreq), (8 bytes).
    Removing stm32l4xx_hal_rcc_ex.o(.text.RCCEx_GetSAIxPeriphCLKFreq), (172 bytes).
    Removing stm32l4xx_hal_rcc_ex.o(.ARM.exidx.text.RCCEx_GetSAIxPeriphCLKFreq), (8 bytes).
    Removing stm32l4xx_hal_rcc_ex.o(.text.HAL_RCCEx_EnablePLLSAI1), (148 bytes).
    Removing stm32l4xx_hal_rcc_ex.o(.ARM.exidx.text.HAL_RCCEx_EnablePLLSAI1), (8 bytes).
    Removing stm32l4xx_hal_rcc_ex.o(.text.HAL_RCCEx_DisablePLLSAI1), (72 bytes).
    Removing stm32l4xx_hal_rcc_ex.o(.ARM.exidx.text.HAL_RCCEx_DisablePLLSAI1), (8 bytes).
    Removing stm32l4xx_hal_rcc_ex.o(.text.HAL_RCCEx_EnablePLLSAI2), (128 bytes).
    Removing stm32l4xx_hal_rcc_ex.o(.ARM.exidx.text.HAL_RCCEx_EnablePLLSAI2), (8 bytes).
    Removing stm32l4xx_hal_rcc_ex.o(.text.HAL_RCCEx_DisablePLLSAI2), (72 bytes).
    Removing stm32l4xx_hal_rcc_ex.o(.ARM.exidx.text.HAL_RCCEx_DisablePLLSAI2), (8 bytes).
    Removing stm32l4xx_hal_rcc_ex.o(.text.HAL_RCCEx_WakeUpStopCLKConfig), (20 bytes).
    Removing stm32l4xx_hal_rcc_ex.o(.ARM.exidx.text.HAL_RCCEx_WakeUpStopCLKConfig), (8 bytes).
    Removing stm32l4xx_hal_rcc_ex.o(.text.HAL_RCCEx_StandbyMSIRangeConfig), (20 bytes).
    Removing stm32l4xx_hal_rcc_ex.o(.ARM.exidx.text.HAL_RCCEx_StandbyMSIRangeConfig), (8 bytes).
    Removing stm32l4xx_hal_rcc_ex.o(.text.HAL_RCCEx_EnableLSECSS), (16 bytes).
    Removing stm32l4xx_hal_rcc_ex.o(.ARM.exidx.text.HAL_RCCEx_EnableLSECSS), (8 bytes).
    Removing stm32l4xx_hal_rcc_ex.o(.text.HAL_RCCEx_DisableLSECSS), (24 bytes).
    Removing stm32l4xx_hal_rcc_ex.o(.ARM.exidx.text.HAL_RCCEx_DisableLSECSS), (8 bytes).
    Removing stm32l4xx_hal_rcc_ex.o(.text.HAL_RCCEx_EnableLSECSS_IT), (48 bytes).
    Removing stm32l4xx_hal_rcc_ex.o(.ARM.exidx.text.HAL_RCCEx_EnableLSECSS_IT), (8 bytes).
    Removing stm32l4xx_hal_rcc_ex.o(.text.HAL_RCCEx_LSECSS_IRQHandler), (28 bytes).
    Removing stm32l4xx_hal_rcc_ex.o(.ARM.exidx.text.HAL_RCCEx_LSECSS_IRQHandler), (8 bytes).
    Removing stm32l4xx_hal_rcc_ex.o(.text.HAL_RCCEx_LSECSS_Callback), (2 bytes).
    Removing stm32l4xx_hal_rcc_ex.o(.ARM.exidx.text.HAL_RCCEx_LSECSS_Callback), (8 bytes).
    Removing stm32l4xx_hal_rcc_ex.o(.text.HAL_RCCEx_EnableLSCO), (128 bytes).
    Removing stm32l4xx_hal_rcc_ex.o(.ARM.exidx.text.HAL_RCCEx_EnableLSCO), (8 bytes).
    Removing stm32l4xx_hal_rcc_ex.o(.text.HAL_RCCEx_DisableLSCO), (84 bytes).
    Removing stm32l4xx_hal_rcc_ex.o(.ARM.exidx.text.HAL_RCCEx_DisableLSCO), (8 bytes).
    Removing stm32l4xx_hal_rcc_ex.o(.text.HAL_RCCEx_EnableMSIPLLMode), (16 bytes).
    Removing stm32l4xx_hal_rcc_ex.o(.ARM.exidx.text.HAL_RCCEx_EnableMSIPLLMode), (8 bytes).
    Removing stm32l4xx_hal_rcc_ex.o(.text.HAL_RCCEx_DisableMSIPLLMode), (16 bytes).
    Removing stm32l4xx_hal_rcc_ex.o(.ARM.exidx.text.HAL_RCCEx_DisableMSIPLLMode), (8 bytes).
    Removing stm32l4xx_hal_rcc_ex.o(.ARM.exidx.text.OUTLINED_FUNCTION_0), (8 bytes).
    Removing stm32l4xx_hal_rcc_ex.o(.ARM.exidx.text.OUTLINED_FUNCTION_1), (8 bytes).
    Removing stm32l4xx_hal_rcc_ex.o(.ARM.exidx.text.OUTLINED_FUNCTION_2), (8 bytes).
    Removing stm32l4xx_hal_rcc_ex.o(.ARM.exidx.text.OUTLINED_FUNCTION_3), (8 bytes).
    Removing stm32l4xx_hal_rcc_ex.o(.text.OUTLINED_FUNCTION_4), (16 bytes).
    Removing stm32l4xx_hal_rcc_ex.o(.ARM.exidx.text.OUTLINED_FUNCTION_4), (8 bytes).
    Removing stm32l4xx_hal_rcc_ex.o(.text.OUTLINED_FUNCTION_5), (6 bytes).
    Removing stm32l4xx_hal_rcc_ex.o(.ARM.exidx.text.OUTLINED_FUNCTION_5), (8 bytes).
    Removing stm32l4xx_hal_rcc_ex.o(.ARM.exidx.text.OUTLINED_FUNCTION_6), (8 bytes).
    Removing stm32l4xx_hal_rcc_ex.o(.text.OUTLINED_FUNCTION_7), (10 bytes).
    Removing stm32l4xx_hal_rcc_ex.o(.ARM.exidx.text.OUTLINED_FUNCTION_7), (8 bytes).
    Removing stm32l4xx_hal_rcc_ex.o(.ARM.exidx.text.OUTLINED_FUNCTION_8), (8 bytes).
    Removing stm32l4xx_hal_rcc_ex.o(.ARM.exidx.text.OUTLINED_FUNCTION_9), (8 bytes).
    Removing stm32l4xx_hal_rcc_ex.o(.ARM.exidx.text.OUTLINED_FUNCTION_10), (8 bytes).
    Removing stm32l4xx_hal_flash.o(.text), (0 bytes).
    Removing stm32l4xx_hal_flash.o(.text.HAL_FLASH_Program), (184 bytes).
    Removing stm32l4xx_hal_flash.o(.ARM.exidx.text.HAL_FLASH_Program), (8 bytes).
    Removing stm32l4xx_hal_flash.o(.text.FLASH_WaitForLastOperation), (88 bytes).
    Removing stm32l4xx_hal_flash.o(.ARM.exidx.text.FLASH_WaitForLastOperation), (8 bytes).
    Removing stm32l4xx_hal_flash.o(.text.FLASH_Program_Fast), (44 bytes).
    Removing stm32l4xx_hal_flash.o(.ARM.exidx.text.FLASH_Program_Fast), (8 bytes).
    Removing stm32l4xx_hal_flash.o(.text.HAL_FLASH_Program_IT), (120 bytes).
    Removing stm32l4xx_hal_flash.o(.ARM.exidx.text.HAL_FLASH_Program_IT), (8 bytes).
    Removing stm32l4xx_hal_flash.o(.text.HAL_FLASH_IRQHandler), (252 bytes).
    Removing stm32l4xx_hal_flash.o(.ARM.exidx.text.HAL_FLASH_IRQHandler), (8 bytes).
    Removing stm32l4xx_hal_flash.o(.text.HAL_FLASH_OperationErrorCallback), (2 bytes).
    Removing stm32l4xx_hal_flash.o(.ARM.exidx.text.HAL_FLASH_OperationErrorCallback), (8 bytes).
    Removing stm32l4xx_hal_flash.o(.text.HAL_FLASH_EndOfOperationCallback), (2 bytes).
    Removing stm32l4xx_hal_flash.o(.ARM.exidx.text.HAL_FLASH_EndOfOperationCallback), (8 bytes).
    Removing stm32l4xx_hal_flash.o(.text.HAL_FLASH_Unlock), (40 bytes).
    Removing stm32l4xx_hal_flash.o(.ARM.exidx.text.HAL_FLASH_Unlock), (8 bytes).
    Removing stm32l4xx_hal_flash.o(.text.HAL_FLASH_Lock), (20 bytes).
    Removing stm32l4xx_hal_flash.o(.ARM.exidx.text.HAL_FLASH_Lock), (8 bytes).
    Removing stm32l4xx_hal_flash.o(.text.HAL_FLASH_OB_Unlock), (36 bytes).
    Removing stm32l4xx_hal_flash.o(.ARM.exidx.text.HAL_FLASH_OB_Unlock), (8 bytes).
    Removing stm32l4xx_hal_flash.o(.text.HAL_FLASH_OB_Lock), (20 bytes).
    Removing stm32l4xx_hal_flash.o(.ARM.exidx.text.HAL_FLASH_OB_Lock), (8 bytes).
    Removing stm32l4xx_hal_flash.o(.text.HAL_FLASH_OB_Launch), (24 bytes).
    Removing stm32l4xx_hal_flash.o(.ARM.exidx.text.HAL_FLASH_OB_Launch), (8 bytes).
    Removing stm32l4xx_hal_flash.o(.text.HAL_FLASH_GetError), (12 bytes).
    Removing stm32l4xx_hal_flash.o(.ARM.exidx.text.HAL_FLASH_GetError), (8 bytes).
    Removing stm32l4xx_hal_flash.o(.data.pFlash), (32 bytes).
    Removing stm32l4xx_hal_flash_ex.o(.text), (0 bytes).
    Removing stm32l4xx_hal_flash_ex.o(.text.HAL_FLASHEx_Erase), (224 bytes).
    Removing stm32l4xx_hal_flash_ex.o(.ARM.exidx.text.HAL_FLASHEx_Erase), (8 bytes).
    Removing stm32l4xx_hal_flash_ex.o(.text.FLASH_MassErase), (40 bytes).
    Removing stm32l4xx_hal_flash_ex.o(.ARM.exidx.text.FLASH_MassErase), (8 bytes).
    Removing stm32l4xx_hal_flash_ex.o(.text.FLASH_PageErase), (44 bytes).
    Removing stm32l4xx_hal_flash_ex.o(.ARM.exidx.text.FLASH_PageErase), (8 bytes).
    Removing stm32l4xx_hal_flash_ex.o(.text.FLASH_FlushCaches), (88 bytes).
    Removing stm32l4xx_hal_flash_ex.o(.ARM.exidx.text.FLASH_FlushCaches), (8 bytes).
    Removing stm32l4xx_hal_flash_ex.o(.text.HAL_FLASHEx_Erase_IT), (140 bytes).
    Removing stm32l4xx_hal_flash_ex.o(.ARM.exidx.text.HAL_FLASHEx_Erase_IT), (8 bytes).
    Removing stm32l4xx_hal_flash_ex.o(.text.HAL_FLASHEx_OBProgram), (686 bytes).
    Removing stm32l4xx_hal_flash_ex.o(.ARM.exidx.text.HAL_FLASHEx_OBProgram), (8 bytes).
    Removing stm32l4xx_hal_flash_ex.o(.text.HAL_FLASHEx_OBGetConfig), (252 bytes).
    Removing stm32l4xx_hal_flash_ex.o(.ARM.exidx.text.HAL_FLASHEx_OBGetConfig), (8 bytes).
    Removing stm32l4xx_hal_flash_ex.o(.text.OUTLINED_FUNCTION_0), (8 bytes).
    Removing stm32l4xx_hal_flash_ex.o(.ARM.exidx.text.OUTLINED_FUNCTION_0), (8 bytes).
    Removing stm32l4xx_hal_flash_ex.o(.text.OUTLINED_FUNCTION_1), (12 bytes).
    Removing stm32l4xx_hal_flash_ex.o(.ARM.exidx.text.OUTLINED_FUNCTION_1), (8 bytes).
    Removing stm32l4xx_hal_flash_ramfunc.o(.text), (0 bytes).
    Removing stm32l4xx_hal_flash_ramfunc.o(.text.HAL_FLASHEx_EnableRunPowerDown), (36 bytes).
    Removing stm32l4xx_hal_flash_ramfunc.o(.ARM.exidx.text.HAL_FLASHEx_EnableRunPowerDown), (8 bytes).
    Removing stm32l4xx_hal_flash_ramfunc.o(.text.HAL_FLASHEx_DisableRunPowerDown), (36 bytes).
    Removing stm32l4xx_hal_flash_ramfunc.o(.ARM.exidx.text.HAL_FLASHEx_DisableRunPowerDown), (8 bytes).
    Removing stm32l4xx_hal_gpio.o(.text), (0 bytes).
    Removing stm32l4xx_hal_gpio.o(.ARM.exidx.text.HAL_GPIO_Init), (8 bytes).
    Removing stm32l4xx_hal_gpio.o(.text.HAL_GPIO_DeInit), (242 bytes).
    Removing stm32l4xx_hal_gpio.o(.ARM.exidx.text.HAL_GPIO_DeInit), (8 bytes).
    Removing stm32l4xx_hal_gpio.o(.text.HAL_GPIO_ReadPin), (10 bytes).
    Removing stm32l4xx_hal_gpio.o(.ARM.exidx.text.HAL_GPIO_ReadPin), (8 bytes).
    Removing stm32l4xx_hal_gpio.o(.ARM.exidx.text.HAL_GPIO_WritePin), (8 bytes).
    Removing stm32l4xx_hal_gpio.o(.text.HAL_GPIO_TogglePin), (14 bytes).
    Removing stm32l4xx_hal_gpio.o(.ARM.exidx.text.HAL_GPIO_TogglePin), (8 bytes).
    Removing stm32l4xx_hal_gpio.o(.text.HAL_GPIO_LockPin), (40 bytes).
    Removing stm32l4xx_hal_gpio.o(.ARM.exidx.text.HAL_GPIO_LockPin), (8 bytes).
    Removing stm32l4xx_hal_gpio.o(.text.HAL_GPIO_EXTI_IRQHandler), (20 bytes).
    Removing stm32l4xx_hal_gpio.o(.ARM.exidx.text.HAL_GPIO_EXTI_IRQHandler), (8 bytes).
    Removing stm32l4xx_hal_gpio.o(.text.HAL_GPIO_EXTI_Callback), (2 bytes).
    Removing stm32l4xx_hal_gpio.o(.ARM.exidx.text.HAL_GPIO_EXTI_Callback), (8 bytes).
    Removing stm32l4xx_hal_dma.o(.text), (0 bytes).
    Removing stm32l4xx_hal_dma.o(.text.HAL_DMA_Init), (168 bytes).
    Removing stm32l4xx_hal_dma.o(.ARM.exidx.text.HAL_DMA_Init), (8 bytes).
    Removing stm32l4xx_hal_dma.o(.text.HAL_DMA_DeInit), (152 bytes).
    Removing stm32l4xx_hal_dma.o(.ARM.exidx.text.HAL_DMA_DeInit), (8 bytes).
    Removing stm32l4xx_hal_dma.o(.text.HAL_DMA_Start), (66 bytes).
    Removing stm32l4xx_hal_dma.o(.ARM.exidx.text.HAL_DMA_Start), (8 bytes).
    Removing stm32l4xx_hal_dma.o(.text.DMA_SetConfig), (42 bytes).
    Removing stm32l4xx_hal_dma.o(.ARM.exidx.text.DMA_SetConfig), (8 bytes).
    Removing stm32l4xx_hal_dma.o(.text.HAL_DMA_Start_IT), (92 bytes).
    Removing stm32l4xx_hal_dma.o(.ARM.exidx.text.HAL_DMA_Start_IT), (8 bytes).
    Removing stm32l4xx_hal_dma.o(.text.HAL_DMA_Abort), (68 bytes).
    Removing stm32l4xx_hal_dma.o(.ARM.exidx.text.HAL_DMA_Abort), (8 bytes).
    Removing stm32l4xx_hal_dma.o(.text.HAL_DMA_Abort_IT), (74 bytes).
    Removing stm32l4xx_hal_dma.o(.ARM.exidx.text.HAL_DMA_Abort_IT), (8 bytes).
    Removing stm32l4xx_hal_dma.o(.text.HAL_DMA_PollForTransfer), (194 bytes).
    Removing stm32l4xx_hal_dma.o(.ARM.exidx.text.HAL_DMA_PollForTransfer), (8 bytes).
    Removing stm32l4xx_hal_dma.o(.text.HAL_DMA_IRQHandler), (146 bytes).
    Removing stm32l4xx_hal_dma.o(.ARM.exidx.text.HAL_DMA_IRQHandler), (8 bytes).
    Removing stm32l4xx_hal_dma.o(.text.HAL_DMA_RegisterCallback), (62 bytes).
    Removing stm32l4xx_hal_dma.o(.ARM.exidx.text.HAL_DMA_RegisterCallback), (8 bytes).
    Removing stm32l4xx_hal_dma.o(.text.HAL_DMA_UnRegisterCallback), (80 bytes).
    Removing stm32l4xx_hal_dma.o(.ARM.exidx.text.HAL_DMA_UnRegisterCallback), (8 bytes).
    Removing stm32l4xx_hal_dma.o(.text.HAL_DMA_GetState), (6 bytes).
    Removing stm32l4xx_hal_dma.o(.ARM.exidx.text.HAL_DMA_GetState), (8 bytes).
    Removing stm32l4xx_hal_dma.o(.text.HAL_DMA_GetError), (4 bytes).
    Removing stm32l4xx_hal_dma.o(.ARM.exidx.text.HAL_DMA_GetError), (8 bytes).
    Removing stm32l4xx_hal_dma.o(.text.OUTLINED_FUNCTION_0), (8 bytes).
    Removing stm32l4xx_hal_dma.o(.ARM.exidx.text.OUTLINED_FUNCTION_0), (8 bytes).
    Removing stm32l4xx_hal_dma.o(.text.OUTLINED_FUNCTION_1), (14 bytes).
    Removing stm32l4xx_hal_dma.o(.ARM.exidx.text.OUTLINED_FUNCTION_1), (8 bytes).
    Removing stm32l4xx_hal_dma_ex.o(.text), (0 bytes).
    Removing stm32l4xx_hal_pwr.o(.text), (0 bytes).
    Removing stm32l4xx_hal_pwr.o(.text.HAL_PWR_DeInit), (24 bytes).
    Removing stm32l4xx_hal_pwr.o(.ARM.exidx.text.HAL_PWR_DeInit), (8 bytes).
    Removing stm32l4xx_hal_pwr.o(.text.HAL_PWR_EnableBkUpAccess), (16 bytes).
    Removing stm32l4xx_hal_pwr.o(.ARM.exidx.text.HAL_PWR_EnableBkUpAccess), (8 bytes).
    Removing stm32l4xx_hal_pwr.o(.text.HAL_PWR_DisableBkUpAccess), (16 bytes).
    Removing stm32l4xx_hal_pwr.o(.ARM.exidx.text.HAL_PWR_DisableBkUpAccess), (8 bytes).
    Removing stm32l4xx_hal_pwr.o(.text.HAL_PWR_ConfigPVD), (112 bytes).
    Removing stm32l4xx_hal_pwr.o(.ARM.exidx.text.HAL_PWR_ConfigPVD), (8 bytes).
    Removing stm32l4xx_hal_pwr.o(.text.HAL_PWR_EnablePVD), (16 bytes).
    Removing stm32l4xx_hal_pwr.o(.ARM.exidx.text.HAL_PWR_EnablePVD), (8 bytes).
    Removing stm32l4xx_hal_pwr.o(.text.HAL_PWR_DisablePVD), (16 bytes).
    Removing stm32l4xx_hal_pwr.o(.ARM.exidx.text.HAL_PWR_DisablePVD), (8 bytes).
    Removing stm32l4xx_hal_pwr.o(.text.HAL_PWR_EnableWakeUpPin), (28 bytes).
    Removing stm32l4xx_hal_pwr.o(.ARM.exidx.text.HAL_PWR_EnableWakeUpPin), (8 bytes).
    Removing stm32l4xx_hal_pwr.o(.text.HAL_PWR_DisableWakeUpPin), (24 bytes).
    Removing stm32l4xx_hal_pwr.o(.ARM.exidx.text.HAL_PWR_DisableWakeUpPin), (8 bytes).
    Removing stm32l4xx_hal_pwr.o(.text.HAL_PWR_EnterSLEEPMode), (68 bytes).
    Removing stm32l4xx_hal_pwr.o(.ARM.exidx.text.HAL_PWR_EnterSLEEPMode), (8 bytes).
    Removing stm32l4xx_hal_pwr.o(.text.HAL_PWR_EnterSTOPMode), (16 bytes).
    Removing stm32l4xx_hal_pwr.o(.ARM.exidx.text.HAL_PWR_EnterSTOPMode), (8 bytes).
    Removing stm32l4xx_hal_pwr.o(.text.HAL_PWR_EnterSTANDBYMode), (36 bytes).
    Removing stm32l4xx_hal_pwr.o(.ARM.exidx.text.HAL_PWR_EnterSTANDBYMode), (8 bytes).
    Removing stm32l4xx_hal_pwr.o(.text.HAL_PWR_EnableSleepOnExit), (16 bytes).
    Removing stm32l4xx_hal_pwr.o(.ARM.exidx.text.HAL_PWR_EnableSleepOnExit), (8 bytes).
    Removing stm32l4xx_hal_pwr.o(.text.HAL_PWR_DisableSleepOnExit), (16 bytes).
    Removing stm32l4xx_hal_pwr.o(.ARM.exidx.text.HAL_PWR_DisableSleepOnExit), (8 bytes).
    Removing stm32l4xx_hal_pwr.o(.text.HAL_PWR_EnableSEVOnPend), (16 bytes).
    Removing stm32l4xx_hal_pwr.o(.ARM.exidx.text.HAL_PWR_EnableSEVOnPend), (8 bytes).
    Removing stm32l4xx_hal_pwr.o(.text.HAL_PWR_DisableSEVOnPend), (16 bytes).
    Removing stm32l4xx_hal_pwr.o(.ARM.exidx.text.HAL_PWR_DisableSEVOnPend), (8 bytes).
    Removing stm32l4xx_hal_pwr.o(.text.HAL_PWR_PVDCallback), (2 bytes).
    Removing stm32l4xx_hal_pwr.o(.ARM.exidx.text.HAL_PWR_PVDCallback), (8 bytes).
    Removing stm32l4xx_hal_pwr_ex.o(.text), (0 bytes).
    Removing stm32l4xx_hal_pwr_ex.o(.ARM.exidx.text.HAL_PWREx_GetVoltageRange), (8 bytes).
    Removing stm32l4xx_hal_pwr_ex.o(.ARM.exidx.text.HAL_PWREx_ControlVoltageScaling), (8 bytes).
    Removing stm32l4xx_hal_pwr_ex.o(.text.HAL_PWREx_EnableBatteryCharging), (28 bytes).
    Removing stm32l4xx_hal_pwr_ex.o(.ARM.exidx.text.HAL_PWREx_EnableBatteryCharging), (8 bytes).
    Removing stm32l4xx_hal_pwr_ex.o(.text.HAL_PWREx_DisableBatteryCharging), (12 bytes).
    Removing stm32l4xx_hal_pwr_ex.o(.ARM.exidx.text.HAL_PWREx_DisableBatteryCharging), (8 bytes).
    Removing stm32l4xx_hal_pwr_ex.o(.text.HAL_PWREx_EnableVddUSB), (12 bytes).
    Removing stm32l4xx_hal_pwr_ex.o(.ARM.exidx.text.HAL_PWREx_EnableVddUSB), (8 bytes).
    Removing stm32l4xx_hal_pwr_ex.o(.text.HAL_PWREx_DisableVddUSB), (12 bytes).
    Removing stm32l4xx_hal_pwr_ex.o(.ARM.exidx.text.HAL_PWREx_DisableVddUSB), (8 bytes).
    Removing stm32l4xx_hal_pwr_ex.o(.text.HAL_PWREx_EnableVddIO2), (16 bytes).
    Removing stm32l4xx_hal_pwr_ex.o(.ARM.exidx.text.HAL_PWREx_EnableVddIO2), (8 bytes).
    Removing stm32l4xx_hal_pwr_ex.o(.text.HAL_PWREx_DisableVddIO2), (16 bytes).
    Removing stm32l4xx_hal_pwr_ex.o(.ARM.exidx.text.HAL_PWREx_DisableVddIO2), (8 bytes).
    Removing stm32l4xx_hal_pwr_ex.o(.text.HAL_PWREx_EnableInternalWakeUpLine), (16 bytes).
    Removing stm32l4xx_hal_pwr_ex.o(.ARM.exidx.text.HAL_PWREx_EnableInternalWakeUpLine), (8 bytes).
    Removing stm32l4xx_hal_pwr_ex.o(.text.HAL_PWREx_DisableInternalWakeUpLine), (16 bytes).
    Removing stm32l4xx_hal_pwr_ex.o(.ARM.exidx.text.HAL_PWREx_DisableInternalWakeUpLine), (8 bytes).
    Removing stm32l4xx_hal_pwr_ex.o(.text.HAL_PWREx_EnableGPIOPullUp), (148 bytes).
    Removing stm32l4xx_hal_pwr_ex.o(.ARM.exidx.text.HAL_PWREx_EnableGPIOPullUp), (8 bytes).
    Removing stm32l4xx_hal_pwr_ex.o(.text.HAL_PWREx_DisableGPIOPullUp), (136 bytes).
    Removing stm32l4xx_hal_pwr_ex.o(.ARM.exidx.text.HAL_PWREx_DisableGPIOPullUp), (8 bytes).
    Removing stm32l4xx_hal_pwr_ex.o(.text.HAL_PWREx_EnableGPIOPullDown), (188 bytes).
    Removing stm32l4xx_hal_pwr_ex.o(.ARM.exidx.text.HAL_PWREx_EnableGPIOPullDown), (8 bytes).
    Removing stm32l4xx_hal_pwr_ex.o(.text.HAL_PWREx_DisableGPIOPullDown), (92 bytes).
    Removing stm32l4xx_hal_pwr_ex.o(.ARM.exidx.text.HAL_PWREx_DisableGPIOPullDown), (8 bytes).
    Removing stm32l4xx_hal_pwr_ex.o(.text.HAL_PWREx_EnablePullUpPullDownConfig), (12 bytes).
    Removing stm32l4xx_hal_pwr_ex.o(.ARM.exidx.text.HAL_PWREx_EnablePullUpPullDownConfig), (8 bytes).
    Removing stm32l4xx_hal_pwr_ex.o(.text.HAL_PWREx_DisablePullUpPullDownConfig), (12 bytes).
    Removing stm32l4xx_hal_pwr_ex.o(.ARM.exidx.text.HAL_PWREx_DisablePullUpPullDownConfig), (8 bytes).
    Removing stm32l4xx_hal_pwr_ex.o(.text.HAL_PWREx_EnableSRAM2ContentRetention), (16 bytes).
    Removing stm32l4xx_hal_pwr_ex.o(.ARM.exidx.text.HAL_PWREx_EnableSRAM2ContentRetention), (8 bytes).
    Removing stm32l4xx_hal_pwr_ex.o(.text.HAL_PWREx_SetSRAM2ContentRetention), (40 bytes).
    Removing stm32l4xx_hal_pwr_ex.o(.ARM.exidx.text.HAL_PWREx_SetSRAM2ContentRetention), (8 bytes).
    Removing stm32l4xx_hal_pwr_ex.o(.text.HAL_PWREx_DisableSRAM2ContentRetention), (12 bytes).
    Removing stm32l4xx_hal_pwr_ex.o(.ARM.exidx.text.HAL_PWREx_DisableSRAM2ContentRetention), (8 bytes).
    Removing stm32l4xx_hal_pwr_ex.o(.text.HAL_PWREx_EnablePVM1), (16 bytes).
    Removing stm32l4xx_hal_pwr_ex.o(.ARM.exidx.text.HAL_PWREx_EnablePVM1), (8 bytes).
    Removing stm32l4xx_hal_pwr_ex.o(.text.HAL_PWREx_DisablePVM1), (16 bytes).
    Removing stm32l4xx_hal_pwr_ex.o(.ARM.exidx.text.HAL_PWREx_DisablePVM1), (8 bytes).
    Removing stm32l4xx_hal_pwr_ex.o(.text.HAL_PWREx_EnablePVM2), (16 bytes).
    Removing stm32l4xx_hal_pwr_ex.o(.ARM.exidx.text.HAL_PWREx_EnablePVM2), (8 bytes).
    Removing stm32l4xx_hal_pwr_ex.o(.text.HAL_PWREx_DisablePVM2), (16 bytes).
    Removing stm32l4xx_hal_pwr_ex.o(.ARM.exidx.text.HAL_PWREx_DisablePVM2), (8 bytes).
    Removing stm32l4xx_hal_pwr_ex.o(.text.HAL_PWREx_EnablePVM3), (16 bytes).
    Removing stm32l4xx_hal_pwr_ex.o(.ARM.exidx.text.HAL_PWREx_EnablePVM3), (8 bytes).
    Removing stm32l4xx_hal_pwr_ex.o(.text.HAL_PWREx_DisablePVM3), (16 bytes).
    Removing stm32l4xx_hal_pwr_ex.o(.ARM.exidx.text.HAL_PWREx_DisablePVM3), (8 bytes).
    Removing stm32l4xx_hal_pwr_ex.o(.text.HAL_PWREx_EnablePVM4), (16 bytes).
    Removing stm32l4xx_hal_pwr_ex.o(.ARM.exidx.text.HAL_PWREx_EnablePVM4), (8 bytes).
    Removing stm32l4xx_hal_pwr_ex.o(.text.HAL_PWREx_DisablePVM4), (16 bytes).
    Removing stm32l4xx_hal_pwr_ex.o(.ARM.exidx.text.HAL_PWREx_DisablePVM4), (8 bytes).
    Removing stm32l4xx_hal_pwr_ex.o(.text.HAL_PWREx_ConfigPVM), (376 bytes).
    Removing stm32l4xx_hal_pwr_ex.o(.ARM.exidx.text.HAL_PWREx_ConfigPVM), (8 bytes).
    Removing stm32l4xx_hal_pwr_ex.o(.text.HAL_PWREx_EnableLowPowerRunMode), (16 bytes).
    Removing stm32l4xx_hal_pwr_ex.o(.ARM.exidx.text.HAL_PWREx_EnableLowPowerRunMode), (8 bytes).
    Removing stm32l4xx_hal_pwr_ex.o(.text.HAL_PWREx_DisableLowPowerRunMode), (68 bytes).
    Removing stm32l4xx_hal_pwr_ex.o(.ARM.exidx.text.HAL_PWREx_DisableLowPowerRunMode), (8 bytes).
    Removing stm32l4xx_hal_pwr_ex.o(.text.HAL_PWREx_EnterSTOP0Mode), (44 bytes).
    Removing stm32l4xx_hal_pwr_ex.o(.ARM.exidx.text.HAL_PWREx_EnterSTOP0Mode), (8 bytes).
    Removing stm32l4xx_hal_pwr_ex.o(.text.HAL_PWREx_EnterSTOP1Mode), (48 bytes).
    Removing stm32l4xx_hal_pwr_ex.o(.ARM.exidx.text.HAL_PWREx_EnterSTOP1Mode), (8 bytes).
    Removing stm32l4xx_hal_pwr_ex.o(.text.HAL_PWREx_EnterSTOP2Mode), (48 bytes).
    Removing stm32l4xx_hal_pwr_ex.o(.ARM.exidx.text.HAL_PWREx_EnterSTOP2Mode), (8 bytes).
    Removing stm32l4xx_hal_pwr_ex.o(.text.HAL_PWREx_EnterSHUTDOWNMode), (36 bytes).
    Removing stm32l4xx_hal_pwr_ex.o(.ARM.exidx.text.HAL_PWREx_EnterSHUTDOWNMode), (8 bytes).
    Removing stm32l4xx_hal_pwr_ex.o(.text.HAL_PWREx_PVD_PVM_IRQHandler), (88 bytes).
    Removing stm32l4xx_hal_pwr_ex.o(.ARM.exidx.text.HAL_PWREx_PVD_PVM_IRQHandler), (8 bytes).
    Removing stm32l4xx_hal_pwr_ex.o(.text.HAL_PWREx_PVM1Callback), (2 bytes).
    Removing stm32l4xx_hal_pwr_ex.o(.ARM.exidx.text.HAL_PWREx_PVM1Callback), (8 bytes).
    Removing stm32l4xx_hal_pwr_ex.o(.text.HAL_PWREx_PVM2Callback), (2 bytes).
    Removing stm32l4xx_hal_pwr_ex.o(.ARM.exidx.text.HAL_PWREx_PVM2Callback), (8 bytes).
    Removing stm32l4xx_hal_pwr_ex.o(.text.HAL_PWREx_PVM3Callback), (2 bytes).
    Removing stm32l4xx_hal_pwr_ex.o(.ARM.exidx.text.HAL_PWREx_PVM3Callback), (8 bytes).
    Removing stm32l4xx_hal_pwr_ex.o(.text.HAL_PWREx_PVM4Callback), (2 bytes).
    Removing stm32l4xx_hal_pwr_ex.o(.ARM.exidx.text.HAL_PWREx_PVM4Callback), (8 bytes).
    Removing stm32l4xx_hal_pwr_ex.o(.text.OUTLINED_FUNCTION_0), (10 bytes).
    Removing stm32l4xx_hal_pwr_ex.o(.ARM.exidx.text.OUTLINED_FUNCTION_0), (8 bytes).
    Removing stm32l4xx_hal_pwr_ex.o(.text.OUTLINED_FUNCTION_1), (10 bytes).
    Removing stm32l4xx_hal_pwr_ex.o(.ARM.exidx.text.OUTLINED_FUNCTION_1), (8 bytes).
    Removing stm32l4xx_hal_pwr_ex.o(.text.OUTLINED_FUNCTION_2), (10 bytes).
    Removing stm32l4xx_hal_pwr_ex.o(.ARM.exidx.text.OUTLINED_FUNCTION_2), (8 bytes).
    Removing stm32l4xx_hal_pwr_ex.o(.text.OUTLINED_FUNCTION_3), (10 bytes).
    Removing stm32l4xx_hal_pwr_ex.o(.ARM.exidx.text.OUTLINED_FUNCTION_3), (8 bytes).
    Removing stm32l4xx_hal_cortex.o(.text), (0 bytes).
    Removing stm32l4xx_hal_cortex.o(.ARM.exidx.text.HAL_NVIC_SetPriorityGrouping), (8 bytes).
    Removing stm32l4xx_hal_cortex.o(.ARM.exidx.text.HAL_NVIC_SetPriority), (8 bytes).
    Removing stm32l4xx_hal_cortex.o(.ARM.exidx.text.__NVIC_SetPriority), (8 bytes).
    Removing stm32l4xx_hal_cortex.o(.text.HAL_NVIC_EnableIRQ), (24 bytes).
    Removing stm32l4xx_hal_cortex.o(.ARM.exidx.text.HAL_NVIC_EnableIRQ), (8 bytes).
    Removing stm32l4xx_hal_cortex.o(.text.HAL_NVIC_DisableIRQ), (32 bytes).
    Removing stm32l4xx_hal_cortex.o(.ARM.exidx.text.HAL_NVIC_DisableIRQ), (8 bytes).
    Removing stm32l4xx_hal_cortex.o(.text.HAL_NVIC_SystemReset), (4 bytes).
    Removing stm32l4xx_hal_cortex.o(.ARM.exidx.text.HAL_NVIC_SystemReset), (8 bytes).
    Removing stm32l4xx_hal_cortex.o(.text.__NVIC_SystemReset), (36 bytes).
    Removing stm32l4xx_hal_cortex.o(.ARM.exidx.text.__NVIC_SystemReset), (8 bytes).
    Removing stm32l4xx_hal_cortex.o(.ARM.exidx.text.HAL_SYSTICK_Config), (8 bytes).
    Removing stm32l4xx_hal_cortex.o(.text.HAL_NVIC_GetPriorityGrouping), (16 bytes).
    Removing stm32l4xx_hal_cortex.o(.ARM.exidx.text.HAL_NVIC_GetPriorityGrouping), (8 bytes).
    Removing stm32l4xx_hal_cortex.o(.text.HAL_NVIC_GetPriority), (84 bytes).
    Removing stm32l4xx_hal_cortex.o(.ARM.exidx.text.HAL_NVIC_GetPriority), (8 bytes).
    Removing stm32l4xx_hal_cortex.o(.text.HAL_NVIC_SetPendingIRQ), (24 bytes).
    Removing stm32l4xx_hal_cortex.o(.ARM.exidx.text.HAL_NVIC_SetPendingIRQ), (8 bytes).
    Removing stm32l4xx_hal_cortex.o(.text.HAL_NVIC_GetPendingIRQ), (20 bytes).
    Removing stm32l4xx_hal_cortex.o(.ARM.exidx.text.HAL_NVIC_GetPendingIRQ), (8 bytes).
    Removing stm32l4xx_hal_cortex.o(.text.HAL_NVIC_ClearPendingIRQ), (24 bytes).
    Removing stm32l4xx_hal_cortex.o(.ARM.exidx.text.HAL_NVIC_ClearPendingIRQ), (8 bytes).
    Removing stm32l4xx_hal_cortex.o(.text.HAL_NVIC_GetActive), (20 bytes).
    Removing stm32l4xx_hal_cortex.o(.ARM.exidx.text.HAL_NVIC_GetActive), (8 bytes).
    Removing stm32l4xx_hal_cortex.o(.text.HAL_SYSTICK_CLKSourceConfig), (24 bytes).
    Removing stm32l4xx_hal_cortex.o(.ARM.exidx.text.HAL_SYSTICK_CLKSourceConfig), (8 bytes).
    Removing stm32l4xx_hal_cortex.o(.text.HAL_SYSTICK_IRQHandler), (4 bytes).
    Removing stm32l4xx_hal_cortex.o(.ARM.exidx.text.HAL_SYSTICK_IRQHandler), (8 bytes).
    Removing stm32l4xx_hal_cortex.o(.text.HAL_SYSTICK_Callback), (2 bytes).
    Removing stm32l4xx_hal_cortex.o(.ARM.exidx.text.HAL_SYSTICK_Callback), (8 bytes).
    Removing stm32l4xx_hal_cortex.o(.text.HAL_MPU_Enable), (24 bytes).
    Removing stm32l4xx_hal_cortex.o(.ARM.exidx.text.HAL_MPU_Enable), (8 bytes).
    Removing stm32l4xx_hal_cortex.o(.text.HAL_MPU_Disable), (16 bytes).
    Removing stm32l4xx_hal_cortex.o(.ARM.exidx.text.HAL_MPU_Disable), (8 bytes).
    Removing stm32l4xx_hal_cortex.o(.text.HAL_MPU_ConfigRegion), (76 bytes).
    Removing stm32l4xx_hal_cortex.o(.ARM.exidx.text.HAL_MPU_ConfigRegion), (8 bytes).
    Removing stm32l4xx_hal_cortex.o(.text.OUTLINED_FUNCTION_0), (20 bytes).
    Removing stm32l4xx_hal_cortex.o(.ARM.exidx.text.OUTLINED_FUNCTION_0), (8 bytes).
    Removing stm32l4xx_hal_cortex.o(.text.OUTLINED_FUNCTION_1), (14 bytes).
    Removing stm32l4xx_hal_cortex.o(.ARM.exidx.text.OUTLINED_FUNCTION_1), (8 bytes).
    Removing stm32l4xx_hal_exti.o(.text), (0 bytes).
    Removing stm32l4xx_hal_exti.o(.text.HAL_EXTI_SetConfigLine), (208 bytes).
    Removing stm32l4xx_hal_exti.o(.ARM.exidx.text.HAL_EXTI_SetConfigLine), (8 bytes).
    Removing stm32l4xx_hal_exti.o(.text.HAL_EXTI_GetConfigLine), (156 bytes).
    Removing stm32l4xx_hal_exti.o(.ARM.exidx.text.HAL_EXTI_GetConfigLine), (8 bytes).
    Removing stm32l4xx_hal_exti.o(.text.HAL_EXTI_ClearConfigLine), (132 bytes).
    Removing stm32l4xx_hal_exti.o(.ARM.exidx.text.HAL_EXTI_ClearConfigLine), (8 bytes).
    Removing stm32l4xx_hal_exti.o(.text.HAL_EXTI_RegisterCallback), (12 bytes).
    Removing stm32l4xx_hal_exti.o(.ARM.exidx.text.HAL_EXTI_RegisterCallback), (8 bytes).
    Removing stm32l4xx_hal_exti.o(.text.HAL_EXTI_GetHandle), (12 bytes).
    Removing stm32l4xx_hal_exti.o(.ARM.exidx.text.HAL_EXTI_GetHandle), (8 bytes).
    Removing stm32l4xx_hal_exti.o(.text.HAL_EXTI_IRQHandler), (52 bytes).
    Removing stm32l4xx_hal_exti.o(.ARM.exidx.text.HAL_EXTI_IRQHandler), (8 bytes).
    Removing stm32l4xx_hal_exti.o(.text.HAL_EXTI_GetPending), (32 bytes).
    Removing stm32l4xx_hal_exti.o(.ARM.exidx.text.HAL_EXTI_GetPending), (8 bytes).
    Removing stm32l4xx_hal_exti.o(.text.HAL_EXTI_ClearPending), (28 bytes).
    Removing stm32l4xx_hal_exti.o(.ARM.exidx.text.HAL_EXTI_ClearPending), (8 bytes).
    Removing stm32l4xx_hal_exti.o(.text.HAL_EXTI_GenerateSWI), (28 bytes).
    Removing stm32l4xx_hal_exti.o(.ARM.exidx.text.HAL_EXTI_GenerateSWI), (8 bytes).
    Removing system_stm32l4xx.o(.text), (0 bytes).
    Removing system_stm32l4xx.o(.ARM.exidx.text.SystemInit), (8 bytes).
    Removing system_stm32l4xx.o(.text.SystemCoreClockUpdate), (152 bytes).
    Removing system_stm32l4xx.o(.ARM.exidx.text.SystemCoreClockUpdate), (8 bytes).

990 unused section(s) (total 29156 bytes) removed from the image.

==============================================================================

Image Symbol Table

    Local Symbols

    Symbol Name                              Value     Ov Type        Size  Object(Section)

    ../clib/microlib/division.c              0x00000000   Number         0  uldiv.o ABSOLUTE
    ../clib/microlib/init/entry.s            0x00000000   Number         0  entry.o ABSOLUTE
    ../clib/microlib/init/entry.s            0x00000000   Number         0  entry2.o ABSOLUTE
    ../clib/microlib/init/entry.s            0x00000000   Number         0  entry5.o ABSOLUTE
    ../clib/microlib/init/entry.s            0x00000000   Number         0  entry7a.o ABSOLUTE
    ../clib/microlib/init/entry.s            0x00000000   Number         0  entry7b.o ABSOLUTE
    ../clib/microlib/init/entry.s            0x00000000   Number         0  entry8a.o ABSOLUTE
    ../clib/microlib/init/entry.s            0x00000000   Number         0  entry8b.o ABSOLUTE
    ../clib/microlib/init/entry.s            0x00000000   Number         0  entry9a.o ABSOLUTE
    ../clib/microlib/init/entry.s            0x00000000   Number         0  entry9b.o ABSOLUTE
    ../clib/microlib/init/entry.s            0x00000000   Number         0  entry10a.o ABSOLUTE
    ../clib/microlib/init/entry.s            0x00000000   Number         0  entry10b.o ABSOLUTE
    ../clib/microlib/init/entry.s            0x00000000   Number         0  entry11a.o ABSOLUTE
    ../clib/microlib/init/entry.s            0x00000000   Number         0  entry11b.o ABSOLUTE
    ../clib/microlib/longlong.c              0x00000000   Number         0  llshl.o ABSOLUTE
    ../clib/microlib/longlong.c              0x00000000   Number         0  llushr.o ABSOLUTE
    ../clib/microlib/string/memcpy.c         0x00000000   Number         0  memcpya.o ABSOLUTE
    ../clib/microlib/string/memcpy.c         0x00000000   Number         0  memcpyb.o ABSOLUTE
    ../clib/microlib/string/memset.c         0x00000000   Number         0  memseta.o ABSOLUTE
    dc.s                                     0x00000000   Number         0  dc.o ABSOLUTE
    handlers.s                               0x00000000   Number         0  handlers.o ABSOLUTE
    init.s                                   0x00000000   Number         0  init.o ABSOLUTE
    main.c                                   0x00000000   Number         0  main.o ABSOLUTE
    startup_stm32l476xx.s                    0x00000000   Number         0  startup_stm32l476xx.o ABSOLUTE
    stm32l4xx_hal.c                          0x00000000   Number         0  stm32l4xx_hal.o ABSOLUTE
    stm32l4xx_hal_cortex.c                   0x00000000   Number         0  stm32l4xx_hal_cortex.o ABSOLUTE
    stm32l4xx_hal_dma.c                      0x00000000   Number         0  stm32l4xx_hal_dma.o ABSOLUTE
    stm32l4xx_hal_dma_ex.c                   0x00000000   Number         0  stm32l4xx_hal_dma_ex.o ABSOLUTE
    stm32l4xx_hal_exti.c                     0x00000000   Number         0  stm32l4xx_hal_exti.o ABSOLUTE
    stm32l4xx_hal_flash.c                    0x00000000   Number         0  stm32l4xx_hal_flash.o ABSOLUTE
    stm32l4xx_hal_flash_ex.c                 0x00000000   Number         0  stm32l4xx_hal_flash_ex.o ABSOLUTE
    stm32l4xx_hal_flash_ramfunc.c            0x00000000   Number         0  stm32l4xx_hal_flash_ramfunc.o ABSOLUTE
    stm32l4xx_hal_gpio.c                     0x00000000   Number         0  stm32l4xx_hal_gpio.o ABSOLUTE
    stm32l4xx_hal_i2c.c                      0x00000000   Number         0  stm32l4xx_hal_i2c.o ABSOLUTE
    stm32l4xx_hal_i2c_ex.c                   0x00000000   Number         0  stm32l4xx_hal_i2c_ex.o ABSOLUTE
    stm32l4xx_hal_msp.c                      0x00000000   Number         0  stm32l4xx_hal_msp.o ABSOLUTE
    stm32l4xx_hal_pwr.c                      0x00000000   Number         0  stm32l4xx_hal_pwr.o ABSOLUTE
    stm32l4xx_hal_pwr_ex.c                   0x00000000   Number         0  stm32l4xx_hal_pwr_ex.o ABSOLUTE
    stm32l4xx_hal_rcc.c                      0x00000000   Number         0  stm32l4xx_hal_rcc.o ABSOLUTE
    stm32l4xx_hal_rcc_ex.c                   0x00000000   Number         0  stm32l4xx_hal_rcc_ex.o ABSOLUTE
    stm32l4xx_hal_tim.c                      0x00000000   Number         0  stm32l4xx_hal_tim.o ABSOLUTE
    stm32l4xx_hal_tim_ex.c                   0x00000000   Number         0  stm32l4xx_hal_tim_ex.o ABSOLUTE
    stm32l4xx_hal_uart.c                     0x00000000   Number         0  stm32l4xx_hal_uart.o ABSOLUTE
    stm32l4xx_hal_uart_ex.c                  0x00000000   Number         0  stm32l4xx_hal_uart_ex.o ABSOLUTE
    stm32l4xx_it.c                           0x00000000   Number         0  stm32l4xx_it.o ABSOLUTE
    system_stm32l4xx.c                       0x00000000   Number         0  system_stm32l4xx.o ABSOLUTE
    RESET                                    0x08000000   Section      392  startup_stm32l476xx.o(RESET)
    .ARM.Collect$$$$00000000                 0x08000188   Section        0  entry.o(.ARM.Collect$$$$00000000)
    .ARM.Collect$$$$00000001                 0x08000188   Section        4  entry2.o(.ARM.Collect$$$$00000001)
    .ARM.Collect$$$$00000004                 0x0800018c   Section        4  entry5.o(.ARM.Collect$$$$00000004)
    .ARM.Collect$$$$00000008                 0x08000190   Section        0  entry7b.o(.ARM.Collect$$$$00000008)
    .ARM.Collect$$$$0000000A                 0x08000190   Section        0  entry8b.o(.ARM.Collect$$$$0000000A)
    .ARM.Collect$$$$0000000B                 0x08000190   Section        8  entry9a.o(.ARM.Collect$$$$0000000B)
    __lit__00000000                          0x08000198   Data           4  entry2.o(.ARM.Collect$$$$00002712)
    .ARM.Collect$$$$0000000D                 0x08000198   Section        0  entry10a.o(.ARM.Collect$$$$0000000D)
    .ARM.Collect$$$$0000000F                 0x08000198   Section        0  entry11a.o(.ARM.Collect$$$$0000000F)
    .ARM.Collect$$$$00002712                 0x08000198   Section        4  entry2.o(.ARM.Collect$$$$00002712)
    $v0                                      0x0800019c   Number         0  startup_stm32l476xx.o(.text)
    .text                                    0x0800019c   Section       36  startup_stm32l476xx.o(.text)
    .text                                    0x080001c0   Section        0  uldiv.o(.text)
    .text                                    0x08000228   Section        0  memcpya.o(.text)
    .text                                    0x0800024c   Section        0  memseta.o(.text)
    .text                                    0x08000270   Section        0  llshl.o(.text)
    .text                                    0x0800028e   Section        0  llushr.o(.text)
    .text                                    0x080002b0   Section       36  init.o(.text)
    [Anonymous Symbol]                       0x080002d4   Section        0  stm32l4xx_it.o(.text.BusFault_Handler)
    [Anonymous Symbol]                       0x080002d6   Section        0  stm32l4xx_it.o(.text.DebugMon_Handler)
    [Anonymous Symbol]                       0x080002d8   Section        0  stm32l4xx_hal.o(.text.HAL_Delay)
    [Anonymous Symbol]                       0x080002f8   Section        0  stm32l4xx_hal_gpio.o(.text.HAL_GPIO_Init)
    __arm_cp.0_0                             0x08000470   Number         4  stm32l4xx_hal_gpio.o(.text.HAL_GPIO_Init)
    __arm_cp.0_1                             0x08000474   Number         4  stm32l4xx_hal_gpio.o(.text.HAL_GPIO_Init)
    __arm_cp.0_2                             0x08000478   Number         4  stm32l4xx_hal_gpio.o(.text.HAL_GPIO_Init)
    __arm_cp.0_3                             0x0800047c   Number         4  stm32l4xx_hal_gpio.o(.text.HAL_GPIO_Init)
    __arm_cp.0_4                             0x08000480   Number         4  stm32l4xx_hal_gpio.o(.text.HAL_GPIO_Init)
    [Anonymous Symbol]                       0x0800048a   Section        0  stm32l4xx_hal_gpio.o(.text.HAL_GPIO_WritePin)
    [Anonymous Symbol]                       0x08000498   Section        0  stm32l4xx_hal.o(.text.HAL_GetTick)
    [Anonymous Symbol]                       0x080004a0   Section        0  stm32l4xx_hal.o(.text.HAL_IncTick)
    __arm_cp.5_1                             0x080004b0   Number         4  stm32l4xx_hal.o(.text.HAL_IncTick)
    [Anonymous Symbol]                       0x080004b4   Section        0  stm32l4xx_hal.o(.text.HAL_Init)
    __arm_cp.0_0                             0x080004dc   Number         4  stm32l4xx_hal.o(.text.HAL_Init)
    [Anonymous Symbol]                       0x080004e0   Section        0  stm32l4xx_hal.o(.text.HAL_InitTick)
    __arm_cp.1_0                             0x08000520   Number         4  stm32l4xx_hal.o(.text.HAL_InitTick)
    [Anonymous Symbol]                       0x08000524   Section        0  stm32l4xx_hal_msp.o(.text.HAL_MspInit)
    __arm_cp.0_0                             0x08000550   Number         4  stm32l4xx_hal_msp.o(.text.HAL_MspInit)
    [Anonymous Symbol]                       0x08000554   Section        0  stm32l4xx_hal_cortex.o(.text.HAL_NVIC_SetPriority)
    [Anonymous Symbol]                       0x0800058c   Section        0  stm32l4xx_hal_cortex.o(.text.HAL_NVIC_SetPriorityGrouping)
    __arm_cp.0_0                             0x080005a4   Number         4  stm32l4xx_hal_cortex.o(.text.HAL_NVIC_SetPriorityGrouping)
    __arm_cp.0_1                             0x080005a8   Number         4  stm32l4xx_hal_cortex.o(.text.HAL_NVIC_SetPriorityGrouping)
    [Anonymous Symbol]                       0x080005ac   Section        0  stm32l4xx_hal_pwr_ex.o(.text.HAL_PWREx_ControlVoltageScaling)
    __arm_cp.1_1                             0x0800060c   Number         4  stm32l4xx_hal_pwr_ex.o(.text.HAL_PWREx_ControlVoltageScaling)
    __arm_cp.1_2                             0x08000610   Number         4  stm32l4xx_hal_pwr_ex.o(.text.HAL_PWREx_ControlVoltageScaling)
    [Anonymous Symbol]                       0x08000614   Section        0  stm32l4xx_hal_pwr_ex.o(.text.HAL_PWREx_GetVoltageRange)
    [Anonymous Symbol]                       0x08000620   Section        0  stm32l4xx_hal_rcc_ex.o(.text.HAL_RCCEx_PeriphCLKConfig)
    __arm_cp.0_0                             0x0800091c   Number         4  stm32l4xx_hal_rcc_ex.o(.text.HAL_RCCEx_PeriphCLKConfig)
    __arm_cp.0_1                             0x08000920   Number         4  stm32l4xx_hal_rcc_ex.o(.text.HAL_RCCEx_PeriphCLKConfig)
    [Anonymous Symbol]                       0x0800092c   Section        0  stm32l4xx_hal_rcc.o(.text.HAL_RCC_ClockConfig)
    __arm_cp.4_0                             0x08000a48   Number         4  stm32l4xx_hal_rcc.o(.text.HAL_RCC_ClockConfig)
    __arm_cp.4_2                             0x08000a4c   Number         4  stm32l4xx_hal_rcc.o(.text.HAL_RCC_ClockConfig)
    __arm_cp.4_4                             0x08000a50   Number         4  stm32l4xx_hal_rcc.o(.text.HAL_RCC_ClockConfig)
    [Anonymous Symbol]                       0x08000a54   Section        0  stm32l4xx_hal_rcc.o(.text.HAL_RCC_GetPCLK1Freq)
    [Anonymous Symbol]                       0x08000a68   Section        0  stm32l4xx_hal_rcc.o(.text.HAL_RCC_GetPCLK2Freq)
    __arm_cp.8_0                             0x08000a7c   Number         4  stm32l4xx_hal_rcc.o(.text.HAL_RCC_GetPCLK2Freq)
    __arm_cp.8_1                             0x08000a80   Number         4  stm32l4xx_hal_rcc.o(.text.HAL_RCC_GetPCLK2Freq)
    __arm_cp.8_2                             0x08000a84   Number         4  stm32l4xx_hal_rcc.o(.text.HAL_RCC_GetPCLK2Freq)
    [Anonymous Symbol]                       0x08000a88   Section        0  stm32l4xx_hal_rcc.o(.text.HAL_RCC_GetSysClockFreq)
    __arm_cp.3_0                             0x08000b18   Number         4  stm32l4xx_hal_rcc.o(.text.HAL_RCC_GetSysClockFreq)
    __arm_cp.3_1                             0x08000b1c   Number         4  stm32l4xx_hal_rcc.o(.text.HAL_RCC_GetSysClockFreq)
    __arm_cp.3_2                             0x08000b20   Number         4  stm32l4xx_hal_rcc.o(.text.HAL_RCC_GetSysClockFreq)
    __arm_cp.3_3                             0x08000b24   Number         4  stm32l4xx_hal_rcc.o(.text.HAL_RCC_GetSysClockFreq)
    [Anonymous Symbol]                       0x08000b28   Section        0  stm32l4xx_hal_rcc.o(.text.HAL_RCC_OscConfig)
    __arm_cp.1_8                             0x08000ea4   Number         4  stm32l4xx_hal_rcc.o(.text.HAL_RCC_OscConfig)
    __arm_cp.1_1                             0x08000ff8   Number         4  stm32l4xx_hal_rcc.o(.text.HAL_RCC_OscConfig)
    __arm_cp.1_2                             0x08000ffc   Number         4  stm32l4xx_hal_rcc.o(.text.HAL_RCC_OscConfig)
    __arm_cp.1_3                             0x08001000   Number         4  stm32l4xx_hal_rcc.o(.text.HAL_RCC_OscConfig)
    __arm_cp.1_4                             0x08001004   Number         4  stm32l4xx_hal_rcc.o(.text.HAL_RCC_OscConfig)
    __arm_cp.1_5                             0x08001008   Number         4  stm32l4xx_hal_rcc.o(.text.HAL_RCC_OscConfig)
    __arm_cp.1_6                             0x0800100c   Number         4  stm32l4xx_hal_rcc.o(.text.HAL_RCC_OscConfig)
    __arm_cp.1_7                             0x08001010   Number         4  stm32l4xx_hal_rcc.o(.text.HAL_RCC_OscConfig)
    [Anonymous Symbol]                       0x08001014   Section        0  stm32l4xx_hal_cortex.o(.text.HAL_SYSTICK_Config)
    __arm_cp.7_0                             0x08001034   Number         4  stm32l4xx_hal_cortex.o(.text.HAL_SYSTICK_Config)
    __arm_cp.7_1                             0x08001038   Number         4  stm32l4xx_hal_cortex.o(.text.HAL_SYSTICK_Config)
    [Anonymous Symbol]                       0x0800103c   Section        0  stm32l4xx_hal_uart.o(.text.HAL_UART_Init)
    [Anonymous Symbol]                       0x08001074   Section        0  stm32l4xx_hal_msp.o(.text.HAL_UART_MspInit)
    __arm_cp.1_0                             0x080010c8   Number         4  stm32l4xx_hal_msp.o(.text.HAL_UART_MspInit)
    __arm_cp.1_1                             0x080010cc   Number         4  stm32l4xx_hal_msp.o(.text.HAL_UART_MspInit)
    [Anonymous Symbol]                       0x080010d0   Section        0  stm32l4xx_hal_uart.o(.text.HAL_UART_Transmit)
    [Anonymous Symbol]                       0x08001182   Section        0  stm32l4xx_it.o(.text.HardFault_Handler)
    [Anonymous Symbol]                       0x08001184   Section        0  stm32l4xx_it.o(.text.MemManage_Handler)
    [Anonymous Symbol]                       0x08001186   Section        0  stm32l4xx_it.o(.text.NMI_Handler)
    OUTLINED_FUNCTION_0                      0x08001189   Thumb Code    20  stm32l4xx_hal_uart.o(.text.OUTLINED_FUNCTION_0)
    [Anonymous Symbol]                       0x08001188   Section        0  stm32l4xx_hal_uart.o(.text.OUTLINED_FUNCTION_0)
    OUTLINED_FUNCTION_0                      0x0800119d   Thumb Code    36  stm32l4xx_hal_rcc.o(.text.OUTLINED_FUNCTION_0)
    [Anonymous Symbol]                       0x0800119c   Section        0  stm32l4xx_hal_rcc.o(.text.OUTLINED_FUNCTION_0)
    OUTLINED_FUNCTION_0                      0x080011c1   Thumb Code    16  stm32l4xx_hal_rcc_ex.o(.text.OUTLINED_FUNCTION_0)
    [Anonymous Symbol]                       0x080011c0   Section        0  stm32l4xx_hal_rcc_ex.o(.text.OUTLINED_FUNCTION_0)
    OUTLINED_FUNCTION_1                      0x080011d1   Thumb Code    12  stm32l4xx_hal_uart.o(.text.OUTLINED_FUNCTION_1)
    [Anonymous Symbol]                       0x080011d0   Section        0  stm32l4xx_hal_uart.o(.text.OUTLINED_FUNCTION_1)
    OUTLINED_FUNCTION_1                      0x080011dd   Thumb Code    20  stm32l4xx_hal_rcc.o(.text.OUTLINED_FUNCTION_1)
    [Anonymous Symbol]                       0x080011dc   Section        0  stm32l4xx_hal_rcc.o(.text.OUTLINED_FUNCTION_1)
    OUTLINED_FUNCTION_1                      0x080011f1   Thumb Code    24  stm32l4xx_hal_rcc_ex.o(.text.OUTLINED_FUNCTION_1)
    [Anonymous Symbol]                       0x080011f0   Section        0  stm32l4xx_hal_rcc_ex.o(.text.OUTLINED_FUNCTION_1)
    OUTLINED_FUNCTION_10                     0x08001209   Thumb Code    14  stm32l4xx_hal_rcc_ex.o(.text.OUTLINED_FUNCTION_10)
    [Anonymous Symbol]                       0x08001208   Section        0  stm32l4xx_hal_rcc_ex.o(.text.OUTLINED_FUNCTION_10)
    OUTLINED_FUNCTION_12                     0x08001217   Thumb Code    12  stm32l4xx_hal_uart.o(.text.OUTLINED_FUNCTION_12)
    [Anonymous Symbol]                       0x08001216   Section        0  stm32l4xx_hal_uart.o(.text.OUTLINED_FUNCTION_12)
    OUTLINED_FUNCTION_16                     0x08001223   Thumb Code    10  stm32l4xx_hal_uart.o(.text.OUTLINED_FUNCTION_16)
    [Anonymous Symbol]                       0x08001222   Section        0  stm32l4xx_hal_uart.o(.text.OUTLINED_FUNCTION_16)
    OUTLINED_FUNCTION_19                     0x0800122d   Thumb Code    14  stm32l4xx_hal_uart.o(.text.OUTLINED_FUNCTION_19)
    [Anonymous Symbol]                       0x0800122c   Section        0  stm32l4xx_hal_uart.o(.text.OUTLINED_FUNCTION_19)
    OUTLINED_FUNCTION_2                      0x0800123b   Thumb Code     8  stm32l4xx_hal_rcc.o(.text.OUTLINED_FUNCTION_2)
    [Anonymous Symbol]                       0x0800123a   Section        0  stm32l4xx_hal_rcc.o(.text.OUTLINED_FUNCTION_2)
    OUTLINED_FUNCTION_2                      0x08001243   Thumb Code    22  stm32l4xx_hal_rcc_ex.o(.text.OUTLINED_FUNCTION_2)
    [Anonymous Symbol]                       0x08001242   Section        0  stm32l4xx_hal_rcc_ex.o(.text.OUTLINED_FUNCTION_2)
    OUTLINED_FUNCTION_20                     0x08001259   Thumb Code     6  stm32l4xx_hal_uart.o(.text.OUTLINED_FUNCTION_20)
    [Anonymous Symbol]                       0x08001258   Section        0  stm32l4xx_hal_uart.o(.text.OUTLINED_FUNCTION_20)
    OUTLINED_FUNCTION_3                      0x0800125f   Thumb Code     6  stm32l4xx_hal_rcc.o(.text.OUTLINED_FUNCTION_3)
    [Anonymous Symbol]                       0x0800125e   Section        0  stm32l4xx_hal_rcc.o(.text.OUTLINED_FUNCTION_3)
    OUTLINED_FUNCTION_3                      0x08001265   Thumb Code     8  stm32l4xx_hal_rcc_ex.o(.text.OUTLINED_FUNCTION_3)
    [Anonymous Symbol]                       0x08001264   Section        0  stm32l4xx_hal_rcc_ex.o(.text.OUTLINED_FUNCTION_3)
    OUTLINED_FUNCTION_4                      0x0800126d   Thumb Code    12  stm32l4xx_hal_uart.o(.text.OUTLINED_FUNCTION_4)
    [Anonymous Symbol]                       0x0800126c   Section        0  stm32l4xx_hal_uart.o(.text.OUTLINED_FUNCTION_4)
    OUTLINED_FUNCTION_4                      0x08001279   Thumb Code    10  stm32l4xx_hal_rcc.o(.text.OUTLINED_FUNCTION_4)
    [Anonymous Symbol]                       0x08001278   Section        0  stm32l4xx_hal_rcc.o(.text.OUTLINED_FUNCTION_4)
    OUTLINED_FUNCTION_5                      0x08001283   Thumb Code    14  stm32l4xx_hal_rcc.o(.text.OUTLINED_FUNCTION_5)
    [Anonymous Symbol]                       0x08001282   Section        0  stm32l4xx_hal_rcc.o(.text.OUTLINED_FUNCTION_5)
    OUTLINED_FUNCTION_6                      0x08001291   Thumb Code    10  stm32l4xx_hal_rcc_ex.o(.text.OUTLINED_FUNCTION_6)
    [Anonymous Symbol]                       0x08001290   Section        0  stm32l4xx_hal_rcc_ex.o(.text.OUTLINED_FUNCTION_6)
    OUTLINED_FUNCTION_8                      0x0800129b   Thumb Code    10  stm32l4xx_hal_rcc_ex.o(.text.OUTLINED_FUNCTION_8)
    [Anonymous Symbol]                       0x0800129a   Section        0  stm32l4xx_hal_rcc_ex.o(.text.OUTLINED_FUNCTION_8)
    OUTLINED_FUNCTION_9                      0x080012a5   Thumb Code    20  stm32l4xx_hal_uart.o(.text.OUTLINED_FUNCTION_9)
    [Anonymous Symbol]                       0x080012a4   Section        0  stm32l4xx_hal_uart.o(.text.OUTLINED_FUNCTION_9)
    OUTLINED_FUNCTION_9                      0x080012b9   Thumb Code     6  stm32l4xx_hal_rcc_ex.o(.text.OUTLINED_FUNCTION_9)
    [Anonymous Symbol]                       0x080012b8   Section        0  stm32l4xx_hal_rcc_ex.o(.text.OUTLINED_FUNCTION_9)
    [Anonymous Symbol]                       0x080012be   Section        0  stm32l4xx_it.o(.text.PendSV_Handler)
    RCCEx_PLLSAI1_Config                     0x080012c1   Thumb Code   232  stm32l4xx_hal_rcc_ex.o(.text.RCCEx_PLLSAI1_Config)
    [Anonymous Symbol]                       0x080012c0   Section        0  stm32l4xx_hal_rcc_ex.o(.text.RCCEx_PLLSAI1_Config)
    __arm_cp.1_2                             0x080013a8   Number         4  stm32l4xx_hal_rcc_ex.o(.text.RCCEx_PLLSAI1_Config)
    RCCEx_PLLSAI2_Config                     0x080013ad   Thumb Code   196  stm32l4xx_hal_rcc_ex.o(.text.RCCEx_PLLSAI2_Config)
    [Anonymous Symbol]                       0x080013ac   Section        0  stm32l4xx_hal_rcc_ex.o(.text.RCCEx_PLLSAI2_Config)
    __arm_cp.2_1                             0x08001470   Number         4  stm32l4xx_hal_rcc_ex.o(.text.RCCEx_PLLSAI2_Config)
    __arm_cp.2_2                             0x08001474   Number         4  stm32l4xx_hal_rcc_ex.o(.text.RCCEx_PLLSAI2_Config)
    __arm_cp.2_3                             0x08001478   Number         4  stm32l4xx_hal_rcc_ex.o(.text.RCCEx_PLLSAI2_Config)
    RCC_SetFlashLatencyFromMSIRange          0x0800147d   Thumb Code   124  stm32l4xx_hal_rcc.o(.text.RCC_SetFlashLatencyFromMSIRange)
    [Anonymous Symbol]                       0x0800147c   Section        0  stm32l4xx_hal_rcc.o(.text.RCC_SetFlashLatencyFromMSIRange)
    __arm_cp.2_0                             0x080014f8   Number         4  stm32l4xx_hal_rcc.o(.text.RCC_SetFlashLatencyFromMSIRange)
    __arm_cp.2_1                             0x080014fc   Number         4  stm32l4xx_hal_rcc.o(.text.RCC_SetFlashLatencyFromMSIRange)
    [Anonymous Symbol]                       0x08001500   Section        0  stm32l4xx_it.o(.text.SVC_Handler)
    [Anonymous Symbol]                       0x08001502   Section        0  stm32l4xx_it.o(.text.SysTick_Handler)
    [Anonymous Symbol]                       0x08001506   Section        0  main.o(.text.SystemClock_Config)
    [Anonymous Symbol]                       0x08001570   Section        0  system_stm32l4xx.o(.text.SystemInit)
    __arm_cp.0_0                             0x080015b0   Number         4  system_stm32l4xx.o(.text.SystemInit)
    __arm_cp.0_1                             0x080015b4   Number         4  system_stm32l4xx.o(.text.SystemInit)
    __arm_cp.0_2                             0x080015b8   Number         4  system_stm32l4xx.o(.text.SystemInit)
    [Anonymous Symbol]                       0x080015bc   Section        0  stm32l4xx_hal_uart.o(.text.UART_AdvFeatureConfig)
    [Anonymous Symbol]                       0x08001664   Section        0  stm32l4xx_hal_uart.o(.text.UART_CheckIdleState)
    [Anonymous Symbol]                       0x080016b0   Section        0  stm32l4xx_hal_uart.o(.text.UART_SetConfig)
    __arm_cp.2_0                             0x08001884   Number         4  stm32l4xx_hal_uart.o(.text.UART_SetConfig)
    __arm_cp.2_1                             0x08001888   Number         4  stm32l4xx_hal_uart.o(.text.UART_SetConfig)
    __arm_cp.2_2                             0x0800188c   Number         4  stm32l4xx_hal_uart.o(.text.UART_SetConfig)
    __arm_cp.2_3                             0x08001890   Number         4  stm32l4xx_hal_uart.o(.text.UART_SetConfig)
    __arm_cp.2_4                             0x08001894   Number         4  stm32l4xx_hal_uart.o(.text.UART_SetConfig)
    __arm_cp.2_5                             0x08001898   Number         4  stm32l4xx_hal_uart.o(.text.UART_SetConfig)
    __arm_cp.2_6                             0x0800189c   Number         4  stm32l4xx_hal_uart.o(.text.UART_SetConfig)
    __arm_cp.2_7                             0x080018a0   Number         4  stm32l4xx_hal_uart.o(.text.UART_SetConfig)
    __arm_cp.2_8                             0x080018a4   Number         4  stm32l4xx_hal_uart.o(.text.UART_SetConfig)
    __arm_cp.2_10                            0x080018b8   Number         4  stm32l4xx_hal_uart.o(.text.UART_SetConfig)
    __arm_cp.2_11                            0x080018bc   Number         4  stm32l4xx_hal_uart.o(.text.UART_SetConfig)
    __arm_cp.2_12                            0x080018c0   Number         4  stm32l4xx_hal_uart.o(.text.UART_SetConfig)
    __arm_cp.2_13                            0x080018c4   Number         4  stm32l4xx_hal_uart.o(.text.UART_SetConfig)
    [Anonymous Symbol]                       0x080018c8   Section        0  stm32l4xx_hal_uart.o(.text.UART_WaitOnFlagUntilTimeout)
    [Anonymous Symbol]                       0x08001944   Section        0  stm32l4xx_it.o(.text.UsageFault_Handler)
    __NVIC_SetPriority                       0x08001949   Thumb Code    28  stm32l4xx_hal_cortex.o(.text.__NVIC_SetPriority)
    [Anonymous Symbol]                       0x08001948   Section        0  stm32l4xx_hal_cortex.o(.text.__NVIC_SetPriority)
    __arm_cp.2_0                             0x08001964   Number         4  stm32l4xx_hal_cortex.o(.text.__NVIC_SetPriority)
    __arm_cp.2_1                             0x08001968   Number         4  stm32l4xx_hal_cortex.o(.text.__NVIC_SetPriority)
    [Anonymous Symbol]                       0x0800196c   Section        0  main.o(.text.main)
    __arm_cp.0_2                             0x08001a84   Number         4  main.o(.text.main)
    __arm_cp.0_3                             0x08001a88   Number         4  main.o(.text.main)
    __arm_cp.0_4                             0x08001a8c   Number         4  main.o(.text.main)
    i.__scatterload_copy                     0x08001a90   Section       14  handlers.o(i.__scatterload_copy)
    i.__scatterload_null                     0x08001a9e   Section        2  handlers.o(i.__scatterload_null)
    i.__scatterload_zeroinit                 0x08001aa0   Section       14  handlers.o(i.__scatterload_zeroinit)
    [Anonymous Symbol]                       0x08001af8   Section        0  stm32l4xx_hal_uart.o(.rodata.cst16)
    [Anonymous Symbol]                       0x20000000   Section        0  stm32l4xx_hal.o(.data..L_MergedGlobals)
    STACK                                    0x20000098   Section     1024  startup_stm32l476xx.o(STACK)

    Global Symbols

    Symbol Name                              Value     Ov Type        Size  Object(Section)

    BuildAttributes$$THM_ISAv4$E$P$D$K$B$S$7EM$VFPi3$EXTD16$VFPS$VFMA$PE$A:L22UL41UL21$X:L11$S22US41US21$IEEE1$IW$~IW$USESV6$~STKCKD$USESV7$~SHL$OSPACE$EBA8$MICROLIB$REQ8$PRES8$EABIv2 0x00000000   Number         0  anon$$obj.o ABSOLUTE
    __cpp_initialize__aeabi_                  - Undefined Weak Reference
    __cxa_finalize                            - Undefined Weak Reference
    __decompress                              - Undefined Weak Reference
    _clock_init                               - Undefined Weak Reference
    _microlib_exit                            - Undefined Weak Reference
    __Vectors_Size                           0x00000188   Number         0  startup_stm32l476xx.o ABSOLUTE
    __Vectors                                0x08000000   Data           4  startup_stm32l476xx.o(RESET)
    __Vectors_End                            0x08000188   Data           0  startup_stm32l476xx.o(RESET)
    __main                                   0x08000189   Thumb Code     0  entry.o(.ARM.Collect$$$$00000000)
    _main_stk                                0x08000189   Thumb Code     0  entry2.o(.ARM.Collect$$$$00000001)
    _main_scatterload                        0x0800018d   Thumb Code     0  entry5.o(.ARM.Collect$$$$00000004)
    __main_after_scatterload                 0x08000191   Thumb Code     0  entry5.o(.ARM.Collect$$$$00000004)
    _main_clock                              0x08000191   Thumb Code     0  entry7b.o(.ARM.Collect$$$$00000008)
    _main_cpp_init                           0x08000191   Thumb Code     0  entry8b.o(.ARM.Collect$$$$0000000A)
    _main_init                               0x08000191   Thumb Code     0  entry9a.o(.ARM.Collect$$$$0000000B)
    __rt_final_cpp                           0x08000199   Thumb Code     0  entry10a.o(.ARM.Collect$$$$0000000D)
    __rt_final_exit                          0x08000199   Thumb Code     0  entry11a.o(.ARM.Collect$$$$0000000F)
    Reset_Handler                            0x0800019d   Thumb Code     8  startup_stm32l476xx.o(.text)
    ADC1_2_IRQHandler                        0x080001b7   Thumb Code     0  startup_stm32l476xx.o(.text)
    ADC3_IRQHandler                          0x080001b7   Thumb Code     0  startup_stm32l476xx.o(.text)
    CAN1_RX0_IRQHandler                      0x080001b7   Thumb Code     0  startup_stm32l476xx.o(.text)
    CAN1_RX1_IRQHandler                      0x080001b7   Thumb Code     0  startup_stm32l476xx.o(.text)
    CAN1_SCE_IRQHandler                      0x080001b7   Thumb Code     0  startup_stm32l476xx.o(.text)
    CAN1_TX_IRQHandler                       0x080001b7   Thumb Code     0  startup_stm32l476xx.o(.text)
    COMP_IRQHandler                          0x080001b7   Thumb Code     0  startup_stm32l476xx.o(.text)
    DFSDM1_FLT0_IRQHandler                   0x080001b7   Thumb Code     0  startup_stm32l476xx.o(.text)
    DFSDM1_FLT1_IRQHandler                   0x080001b7   Thumb Code     0  startup_stm32l476xx.o(.text)
    DFSDM1_FLT2_IRQHandler                   0x080001b7   Thumb Code     0  startup_stm32l476xx.o(.text)
    DFSDM1_FLT3_IRQHandler                   0x080001b7   Thumb Code     0  startup_stm32l476xx.o(.text)
    DMA1_Channel1_IRQHandler                 0x080001b7   Thumb Code     0  startup_stm32l476xx.o(.text)
    DMA1_Channel2_IRQHandler                 0x080001b7   Thumb Code     0  startup_stm32l476xx.o(.text)
    DMA1_Channel3_IRQHandler                 0x080001b7   Thumb Code     0  startup_stm32l476xx.o(.text)
    DMA1_Channel4_IRQHandler                 0x080001b7   Thumb Code     0  startup_stm32l476xx.o(.text)
    DMA1_Channel5_IRQHandler                 0x080001b7   Thumb Code     0  startup_stm32l476xx.o(.text)
    DMA1_Channel6_IRQHandler                 0x080001b7   Thumb Code     0  startup_stm32l476xx.o(.text)
    DMA1_Channel7_IRQHandler                 0x080001b7   Thumb Code     0  startup_stm32l476xx.o(.text)
    DMA2_Channel1_IRQHandler                 0x080001b7   Thumb Code     0  startup_stm32l476xx.o(.text)
    DMA2_Channel2_IRQHandler                 0x080001b7   Thumb Code     0  startup_stm32l476xx.o(.text)
    DMA2_Channel3_IRQHandler                 0x080001b7   Thumb Code     0  startup_stm32l476xx.o(.text)
    DMA2_Channel4_IRQHandler                 0x080001b7   Thumb Code     0  startup_stm32l476xx.o(.text)
    DMA2_Channel5_IRQHandler                 0x080001b7   Thumb Code     0  startup_stm32l476xx.o(.text)
    DMA2_Channel6_IRQHandler                 0x080001b7   Thumb Code     0  startup_stm32l476xx.o(.text)
    DMA2_Channel7_IRQHandler                 0x080001b7   Thumb Code     0  startup_stm32l476xx.o(.text)
    EXTI0_IRQHandler                         0x080001b7   Thumb Code     0  startup_stm32l476xx.o(.text)
    EXTI15_10_IRQHandler                     0x080001b7   Thumb Code     0  startup_stm32l476xx.o(.text)
    EXTI1_IRQHandler                         0x080001b7   Thumb Code     0  startup_stm32l476xx.o(.text)
    EXTI2_IRQHandler                         0x080001b7   Thumb Code     0  startup_stm32l476xx.o(.text)
    EXTI3_IRQHandler                         0x080001b7   Thumb Code     0  startup_stm32l476xx.o(.text)
    EXTI4_IRQHandler                         0x080001b7   Thumb Code     0  startup_stm32l476xx.o(.text)
    EXTI9_5_IRQHandler                       0x080001b7   Thumb Code     0  startup_stm32l476xx.o(.text)
    FLASH_IRQHandler                         0x080001b7   Thumb Code     0  startup_stm32l476xx.o(.text)
    FMC_IRQHandler                           0x080001b7   Thumb Code     0  startup_stm32l476xx.o(.text)
    FPU_IRQHandler                           0x080001b7   Thumb Code     0  startup_stm32l476xx.o(.text)
    I2C1_ER_IRQHandler                       0x080001b7   Thumb Code     0  startup_stm32l476xx.o(.text)
    I2C1_EV_IRQHandler                       0x080001b7   Thumb Code     0  startup_stm32l476xx.o(.text)
    I2C2_ER_IRQHandler                       0x080001b7   Thumb Code     0  startup_stm32l476xx.o(.text)
    I2C2_EV_IRQHandler                       0x080001b7   Thumb Code     0  startup_stm32l476xx.o(.text)
    I2C3_ER_IRQHandler                       0x080001b7   Thumb Code     0  startup_stm32l476xx.o(.text)
    I2C3_EV_IRQHandler                       0x080001b7   Thumb Code     0  startup_stm32l476xx.o(.text)
    LCD_IRQHandler                           0x080001b7   Thumb Code     0  startup_stm32l476xx.o(.text)
    LPTIM1_IRQHandler                        0x080001b7   Thumb Code     0  startup_stm32l476xx.o(.text)
    LPTIM2_IRQHandler                        0x080001b7   Thumb Code     0  startup_stm32l476xx.o(.text)
    LPUART1_IRQHandler                       0x080001b7   Thumb Code     0  startup_stm32l476xx.o(.text)
    OTG_FS_IRQHandler                        0x080001b7   Thumb Code     0  startup_stm32l476xx.o(.text)
    PVD_PVM_IRQHandler                       0x080001b7   Thumb Code     0  startup_stm32l476xx.o(.text)
    QUADSPI_IRQHandler                       0x080001b7   Thumb Code     0  startup_stm32l476xx.o(.text)
    RCC_IRQHandler                           0x080001b7   Thumb Code     0  startup_stm32l476xx.o(.text)
    RNG_IRQHandler                           0x080001b7   Thumb Code     0  startup_stm32l476xx.o(.text)
    RTC_Alarm_IRQHandler                     0x080001b7   Thumb Code     0  startup_stm32l476xx.o(.text)
    RTC_WKUP_IRQHandler                      0x080001b7   Thumb Code     0  startup_stm32l476xx.o(.text)
    SAI1_IRQHandler                          0x080001b7   Thumb Code     0  startup_stm32l476xx.o(.text)
    SAI2_IRQHandler                          0x080001b7   Thumb Code     0  startup_stm32l476xx.o(.text)
    SDMMC1_IRQHandler                        0x080001b7   Thumb Code     0  startup_stm32l476xx.o(.text)
    SPI1_IRQHandler                          0x080001b7   Thumb Code     0  startup_stm32l476xx.o(.text)
    SPI2_IRQHandler                          0x080001b7   Thumb Code     0  startup_stm32l476xx.o(.text)
    SPI3_IRQHandler                          0x080001b7   Thumb Code     0  startup_stm32l476xx.o(.text)
    SWPMI1_IRQHandler                        0x080001b7   Thumb Code     0  startup_stm32l476xx.o(.text)
    TAMP_STAMP_IRQHandler                    0x080001b7   Thumb Code     0  startup_stm32l476xx.o(.text)
    TIM1_BRK_TIM15_IRQHandler                0x080001b7   Thumb Code     0  startup_stm32l476xx.o(.text)
    TIM1_CC_IRQHandler                       0x080001b7   Thumb Code     0  startup_stm32l476xx.o(.text)
    TIM1_TRG_COM_TIM17_IRQHandler            0x080001b7   Thumb Code     0  startup_stm32l476xx.o(.text)
    TIM1_UP_TIM16_IRQHandler                 0x080001b7   Thumb Code     0  startup_stm32l476xx.o(.text)
    TIM2_IRQHandler                          0x080001b7   Thumb Code     0  startup_stm32l476xx.o(.text)
    TIM3_IRQHandler                          0x080001b7   Thumb Code     0  startup_stm32l476xx.o(.text)
    TIM4_IRQHandler                          0x080001b7   Thumb Code     0  startup_stm32l476xx.o(.text)
    TIM5_IRQHandler                          0x080001b7   Thumb Code     0  startup_stm32l476xx.o(.text)
    TIM6_DAC_IRQHandler                      0x080001b7   Thumb Code     0  startup_stm32l476xx.o(.text)
    TIM7_IRQHandler                          0x080001b7   Thumb Code     0  startup_stm32l476xx.o(.text)
    TIM8_BRK_IRQHandler                      0x080001b7   Thumb Code     0  startup_stm32l476xx.o(.text)
    TIM8_CC_IRQHandler                       0x080001b7   Thumb Code     0  startup_stm32l476xx.o(.text)
    TIM8_TRG_COM_IRQHandler                  0x080001b7   Thumb Code     0  startup_stm32l476xx.o(.text)
    TIM8_UP_IRQHandler                       0x080001b7   Thumb Code     0  startup_stm32l476xx.o(.text)
    TSC_IRQHandler                           0x080001b7   Thumb Code     0  startup_stm32l476xx.o(.text)
    UART4_IRQHandler                         0x080001b7   Thumb Code     0  startup_stm32l476xx.o(.text)
    UART5_IRQHandler                         0x080001b7   Thumb Code     0  startup_stm32l476xx.o(.text)
    USART1_IRQHandler                        0x080001b7   Thumb Code     0  startup_stm32l476xx.o(.text)
    USART2_IRQHandler                        0x080001b7   Thumb Code     0  startup_stm32l476xx.o(.text)
    USART3_IRQHandler                        0x080001b7   Thumb Code     0  startup_stm32l476xx.o(.text)
    WWDG_IRQHandler                          0x080001b7   Thumb Code     0  startup_stm32l476xx.o(.text)
    __aeabi_uldivmod                         0x080001c1   Thumb Code    98  uldiv.o(.text)
    __aeabi_memcpy                           0x08000229   Thumb Code    36  memcpya.o(.text)
    __aeabi_memcpy4                          0x08000229   Thumb Code     0  memcpya.o(.text)
    __aeabi_memcpy8                          0x08000229   Thumb Code     0  memcpya.o(.text)
    __aeabi_memset                           0x0800024d   Thumb Code    14  memseta.o(.text)
    __aeabi_memset4                          0x0800024d   Thumb Code     0  memseta.o(.text)
    __aeabi_memset8                          0x0800024d   Thumb Code     0  memseta.o(.text)
    __aeabi_memclr                           0x0800025b   Thumb Code     4  memseta.o(.text)
    __aeabi_memclr4                          0x0800025b   Thumb Code     0  memseta.o(.text)
    __aeabi_memclr8                          0x0800025b   Thumb Code     0  memseta.o(.text)
    _memset$wrapper                          0x0800025f   Thumb Code    18  memseta.o(.text)
    __aeabi_llsl                             0x08000271   Thumb Code    30  llshl.o(.text)
    _ll_shift_l                              0x08000271   Thumb Code     0  llshl.o(.text)
    __aeabi_llsr                             0x0800028f   Thumb Code    32  llushr.o(.text)
    _ll_ushift_r                             0x0800028f   Thumb Code     0  llushr.o(.text)
    __scatterload                            0x080002b1   Thumb Code    28  init.o(.text)
    __scatterload_rt2                        0x080002b1   Thumb Code     0  init.o(.text)
    BusFault_Handler                         0x080002d5   Thumb Code     2  stm32l4xx_it.o(.text.BusFault_Handler)
    DebugMon_Handler                         0x080002d7   Thumb Code     2  stm32l4xx_it.o(.text.DebugMon_Handler)
    HAL_Delay                                0x080002d9   Thumb Code    32  stm32l4xx_hal.o(.text.HAL_Delay)
    HAL_GPIO_Init                            0x080002f9   Thumb Code   376  stm32l4xx_hal_gpio.o(.text.HAL_GPIO_Init)
    HAL_GPIO_WritePin                        0x0800048b   Thumb Code    12  stm32l4xx_hal_gpio.o(.text.HAL_GPIO_WritePin)
    HAL_GetTick                              0x08000499   Thumb Code     8  stm32l4xx_hal.o(.text.HAL_GetTick)
    HAL_IncTick                              0x080004a1   Thumb Code    16  stm32l4xx_hal.o(.text.HAL_IncTick)
    HAL_Init                                 0x080004b5   Thumb Code    40  stm32l4xx_hal.o(.text.HAL_Init)
    HAL_InitTick                             0x080004e1   Thumb Code    64  stm32l4xx_hal.o(.text.HAL_InitTick)
    HAL_MspInit                              0x08000525   Thumb Code    44  stm32l4xx_hal_msp.o(.text.HAL_MspInit)
    HAL_NVIC_SetPriority                     0x08000555   Thumb Code    56  stm32l4xx_hal_cortex.o(.text.HAL_NVIC_SetPriority)
    HAL_NVIC_SetPriorityGrouping             0x0800058d   Thumb Code    24  stm32l4xx_hal_cortex.o(.text.HAL_NVIC_SetPriorityGrouping)
    HAL_PWREx_ControlVoltageScaling          0x080005ad   Thumb Code    96  stm32l4xx_hal_pwr_ex.o(.text.HAL_PWREx_ControlVoltageScaling)
    HAL_PWREx_GetVoltageRange                0x08000615   Thumb Code    12  stm32l4xx_hal_pwr_ex.o(.text.HAL_PWREx_GetVoltageRange)
    HAL_RCCEx_PeriphCLKConfig                0x08000621   Thumb Code   764  stm32l4xx_hal_rcc_ex.o(.text.HAL_RCCEx_PeriphCLKConfig)
    HAL_RCC_ClockConfig                      0x0800092d   Thumb Code   284  stm32l4xx_hal_rcc.o(.text.HAL_RCC_ClockConfig)
    HAL_RCC_GetPCLK1Freq                     0x08000a55   Thumb Code    20  stm32l4xx_hal_rcc.o(.text.HAL_RCC_GetPCLK1Freq)
    HAL_RCC_GetPCLK2Freq                     0x08000a69   Thumb Code    20  stm32l4xx_hal_rcc.o(.text.HAL_RCC_GetPCLK2Freq)
    HAL_RCC_GetSysClockFreq                  0x08000a89   Thumb Code   144  stm32l4xx_hal_rcc.o(.text.HAL_RCC_GetSysClockFreq)
    HAL_RCC_OscConfig                        0x08000b29   Thumb Code  1232  stm32l4xx_hal_rcc.o(.text.HAL_RCC_OscConfig)
    HAL_SYSTICK_Config                       0x08001015   Thumb Code    32  stm32l4xx_hal_cortex.o(.text.HAL_SYSTICK_Config)
    HAL_UART_Init                            0x0800103d   Thumb Code    56  stm32l4xx_hal_uart.o(.text.HAL_UART_Init)
    HAL_UART_MspInit                         0x08001075   Thumb Code    84  stm32l4xx_hal_msp.o(.text.HAL_UART_MspInit)
    HAL_UART_Transmit                        0x080010d1   Thumb Code   178  stm32l4xx_hal_uart.o(.text.HAL_UART_Transmit)
    HardFault_Handler                        0x08001183   Thumb Code     2  stm32l4xx_it.o(.text.HardFault_Handler)
    MemManage_Handler                        0x08001185   Thumb Code     2  stm32l4xx_it.o(.text.MemManage_Handler)
    NMI_Handler                              0x08001187   Thumb Code     2  stm32l4xx_it.o(.text.NMI_Handler)
    PendSV_Handler                           0x080012bf   Thumb Code     2  stm32l4xx_it.o(.text.PendSV_Handler)
    SVC_Handler                              0x08001501   Thumb Code     2  stm32l4xx_it.o(.text.SVC_Handler)
    SysTick_Handler                          0x08001503   Thumb Code     4  stm32l4xx_it.o(.text.SysTick_Handler)
    SystemClock_Config                       0x08001507   Thumb Code   106  main.o(.text.SystemClock_Config)
    SystemInit                               0x08001571   Thumb Code    64  system_stm32l4xx.o(.text.SystemInit)
    UART_AdvFeatureConfig                    0x080015bd   Thumb Code   168  stm32l4xx_hal_uart.o(.text.UART_AdvFeatureConfig)
    UART_CheckIdleState                      0x08001665   Thumb Code    76  stm32l4xx_hal_uart.o(.text.UART_CheckIdleState)
    UART_SetConfig                           0x080016b1   Thumb Code   468  stm32l4xx_hal_uart.o(.text.UART_SetConfig)
    UART_WaitOnFlagUntilTimeout              0x080018c9   Thumb Code   124  stm32l4xx_hal_uart.o(.text.UART_WaitOnFlagUntilTimeout)
    UsageFault_Handler                       0x08001945   Thumb Code     2  stm32l4xx_it.o(.text.UsageFault_Handler)
    main                                     0x0800196d   Thumb Code   164  main.o(.text.main)
    __scatterload_copy                       0x08001a91   Thumb Code    14  handlers.o(i.__scatterload_copy)
    __scatterload_null                       0x08001a9f   Thumb Code     2  handlers.o(i.__scatterload_null)
    __scatterload_zeroinit                   0x08001aa1   Thumb Code    14  handlers.o(i.__scatterload_zeroinit)
    AHBPrescTable                            0x08001aae   Data          16  system_stm32l4xx.o(.rodata.AHBPrescTable)
    APBPrescTable                            0x08001abe   Data           8  system_stm32l4xx.o(.rodata.APBPrescTable)
    MSIRangeTable                            0x08001ac8   Data          48  system_stm32l4xx.o(.rodata.MSIRangeTable)
    Region$$Table$$Base                      0x08001b08   Number         0  anon$$obj.o(Region$$Table)
    Region$$Table$$Limit                     0x08001b28   Number         0  anon$$obj.o(Region$$Table)
    uwTickPrio                               0x20000000   Data           4  stm32l4xx_hal.o(.data..L_MergedGlobals)
    uwTickFreq                               0x20000004   Data           4  stm32l4xx_hal.o(.data..L_MergedGlobals)
    SystemCoreClock                          0x20000008   Data           4  system_stm32l4xx.o(.data.SystemCoreClock)
    huart1                                   0x20000010   Data         128  main.o(.bss.huart1)
    uwTick                                   0x20000090   Data           4  stm32l4xx_hal.o(.bss.uwTick)
    __initial_sp                             0x20000498   Data           0  startup_stm32l476xx.o(STACK)



==============================================================================

Memory Map of the image

  Image Entry point : 0x08000189

  Load Region LR_IROM1 (Base: 0x08000000, Size: 0x00001b38, Max: 0x00100000, ABSOLUTE)

    Execution Region ER_IROM1 (Exec base: 0x08000000, Load base: 0x08000000, Size: 0x00001b28, Max: 0x00100000, ABSOLUTE)

    Exec Addr    Load Addr    Size         Type   Attr      Idx    E Section Name        Object

    0x08000000   0x08000000   0x00000188   Data   RO            3    RESET               startup_stm32l476xx.o
    0x08000188   0x08000188   0x00000000   Code   RO         1208  * .ARM.Collect$$$$00000000  mc_w.l(entry.o)
    0x08000188   0x08000188   0x00000004   Code   RO         1219    .ARM.Collect$$$$00000001  mc_w.l(entry2.o)
    0x0800018c   0x0800018c   0x00000004   Code   RO         1222    .ARM.Collect$$$$00000004  mc_w.l(entry5.o)
    0x08000190   0x08000190   0x00000000   Code   RO         1224    .ARM.Collect$$$$00000008  mc_w.l(entry7b.o)
    0x08000190   0x08000190   0x00000000   Code   RO         1226    .ARM.Collect$$$$0000000A  mc_w.l(entry8b.o)
    0x08000190   0x08000190   0x00000008   Code   RO         1227    .ARM.Collect$$$$0000000B  mc_w.l(entry9a.o)
    0x08000198   0x08000198   0x00000000   Code   RO         1229    .ARM.Collect$$$$0000000D  mc_w.l(entry10a.o)
    0x08000198   0x08000198   0x00000000   Code   RO         1231    .ARM.Collect$$$$0000000F  mc_w.l(entry11a.o)
    0x08000198   0x08000198   0x00000004   Code   RO         1220    .ARM.Collect$$$$00002712  mc_w.l(entry2.o)
    0x0800019c   0x0800019c   0x00000024   Code   RO            4    .text               startup_stm32l476xx.o
    0x080001c0   0x080001c0   0x00000068   Code   RO         1211    .text               mc_w.l(uldiv.o)
    0x08000228   0x08000228   0x00000024   Code   RO         1213    .text               mc_w.l(memcpya.o)
    0x0800024c   0x0800024c   0x00000024   Code   RO         1215    .text               mc_w.l(memseta.o)
    0x08000270   0x08000270   0x0000001e   Code   RO         1233    .text               mc_w.l(llshl.o)
    0x0800028e   0x0800028e   0x00000020   Code   RO         1235    .text               mc_w.l(llushr.o)
    0x080002ae   0x080002ae   0x00000002   PAD
    0x080002b0   0x080002b0   0x00000024   Code   RO         1237    .text               mc_w.l(init.o)
    0x080002d4   0x080002d4   0x00000002   Code   RO           32    .text.BusFault_Handler  stm32l4xx_it.o
    0x080002d6   0x080002d6   0x00000002   Code   RO           38    .text.DebugMon_Handler  stm32l4xx_it.o
    0x080002d8   0x080002d8   0x00000020   Code   RO          284    .text.HAL_Delay     stm32l4xx_hal.o
    0x080002f8   0x080002f8   0x00000192   Code   RO          918    .text.HAL_GPIO_Init  stm32l4xx_hal_gpio.o
    0x0800048a   0x0800048a   0x0000000c   Code   RO          924    .text.HAL_GPIO_WritePin  stm32l4xx_hal_gpio.o
    0x08000496   0x08000496   0x00000002   PAD
    0x08000498   0x08000498   0x00000008   Code   RO          276    .text.HAL_GetTick   stm32l4xx_hal.o
    0x080004a0   0x080004a0   0x00000014   Code   RO          274    .text.HAL_IncTick   stm32l4xx_hal.o
    0x080004b4   0x080004b4   0x0000002c   Code   RO          264    .text.HAL_Init      stm32l4xx_hal.o
    0x080004e0   0x080004e0   0x00000044   Code   RO          266    .text.HAL_InitTick  stm32l4xx_hal.o
    0x08000524   0x08000524   0x00000030   Code   RO           51    .text.HAL_MspInit   stm32l4xx_hal_msp.o
    0x08000554   0x08000554   0x00000038   Code   RO         1117    .text.HAL_NVIC_SetPriority  stm32l4xx_hal_cortex.o
    0x0800058c   0x0800058c   0x00000020   Code   RO         1115    .text.HAL_NVIC_SetPriorityGrouping  stm32l4xx_hal_cortex.o
    0x080005ac   0x080005ac   0x00000068   Code   RO         1023    .text.HAL_PWREx_ControlVoltageScaling  stm32l4xx_hal_pwr_ex.o
    0x08000614   0x08000614   0x0000000c   Code   RO         1021    .text.HAL_PWREx_GetVoltageRange  stm32l4xx_hal_pwr_ex.o
    0x08000620   0x08000620   0x0000030a   Code   RO          774    .text.HAL_RCCEx_PeriphCLKConfig  stm32l4xx_hal_rcc_ex.o
    0x0800092a   0x0800092a   0x00000002   PAD
    0x0800092c   0x0800092c   0x00000128   Code   RO          734    .text.HAL_RCC_ClockConfig  stm32l4xx_hal_rcc.o
    0x08000a54   0x08000a54   0x00000014   Code   RO          740    .text.HAL_RCC_GetPCLK1Freq  stm32l4xx_hal_rcc.o
    0x08000a68   0x08000a68   0x00000020   Code   RO          742    .text.HAL_RCC_GetPCLK2Freq  stm32l4xx_hal_rcc.o
    0x08000a88   0x08000a88   0x000000a0   Code   RO          732    .text.HAL_RCC_GetSysClockFreq  stm32l4xx_hal_rcc.o
    0x08000b28   0x08000b28   0x000004ec   Code   RO          728    .text.HAL_RCC_OscConfig  stm32l4xx_hal_rcc.o
    0x08001014   0x08001014   0x00000028   Code   RO         1129    .text.HAL_SYSTICK_Config  stm32l4xx_hal_cortex.o
    0x0800103c   0x0800103c   0x00000038   Code   RO           67    .text.HAL_UART_Init  stm32l4xx_hal_uart.o
    0x08001074   0x08001074   0x0000005c   Code   RO           53    .text.HAL_UART_MspInit  stm32l4xx_hal_msp.o
    0x080010d0   0x080010d0   0x000000b2   Code   RO           87    .text.HAL_UART_Transmit  stm32l4xx_hal_uart.o
    0x08001182   0x08001182   0x00000002   Code   RO           28    .text.HardFault_Handler  stm32l4xx_it.o
    0x08001184   0x08001184   0x00000002   Code   RO           30    .text.MemManage_Handler  stm32l4xx_it.o
    0x08001186   0x08001186   0x00000002   Code   RO           26    .text.NMI_Handler   stm32l4xx_it.o
    0x08001188   0x08001188   0x00000014   Code   RO          189    .text.OUTLINED_FUNCTION_0  stm32l4xx_hal_uart.o
    0x0800119c   0x0800119c   0x00000024   Code   RO          754    .text.OUTLINED_FUNCTION_0  stm32l4xx_hal_rcc.o
    0x080011c0   0x080011c0   0x00000010   Code   RO          816    .text.OUTLINED_FUNCTION_0  stm32l4xx_hal_rcc_ex.o
    0x080011d0   0x080011d0   0x0000000c   Code   RO          191    .text.OUTLINED_FUNCTION_1  stm32l4xx_hal_uart.o
    0x080011dc   0x080011dc   0x00000014   Code   RO          756    .text.OUTLINED_FUNCTION_1  stm32l4xx_hal_rcc.o
    0x080011f0   0x080011f0   0x00000018   Code   RO          818    .text.OUTLINED_FUNCTION_1  stm32l4xx_hal_rcc_ex.o
    0x08001208   0x08001208   0x0000000e   Code   RO          836    .text.OUTLINED_FUNCTION_10  stm32l4xx_hal_rcc_ex.o
    0x08001216   0x08001216   0x0000000c   Code   RO          213    .text.OUTLINED_FUNCTION_12  stm32l4xx_hal_uart.o
    0x08001222   0x08001222   0x0000000a   Code   RO          221    .text.OUTLINED_FUNCTION_16  stm32l4xx_hal_uart.o
    0x0800122c   0x0800122c   0x0000000e   Code   RO          227    .text.OUTLINED_FUNCTION_19  stm32l4xx_hal_uart.o
    0x0800123a   0x0800123a   0x00000008   Code   RO          758    .text.OUTLINED_FUNCTION_2  stm32l4xx_hal_rcc.o
    0x08001242   0x08001242   0x00000016   Code   RO          820    .text.OUTLINED_FUNCTION_2  stm32l4xx_hal_rcc_ex.o
    0x08001258   0x08001258   0x00000006   Code   RO          229    .text.OUTLINED_FUNCTION_20  stm32l4xx_hal_uart.o
    0x0800125e   0x0800125e   0x00000006   Code   RO          760    .text.OUTLINED_FUNCTION_3  stm32l4xx_hal_rcc.o
    0x08001264   0x08001264   0x00000008   Code   RO          822    .text.OUTLINED_FUNCTION_3  stm32l4xx_hal_rcc_ex.o
    0x0800126c   0x0800126c   0x0000000c   Code   RO          197    .text.OUTLINED_FUNCTION_4  stm32l4xx_hal_uart.o
    0x08001278   0x08001278   0x0000000a   Code   RO          762    .text.OUTLINED_FUNCTION_4  stm32l4xx_hal_rcc.o
    0x08001282   0x08001282   0x0000000e   Code   RO          764    .text.OUTLINED_FUNCTION_5  stm32l4xx_hal_rcc.o
    0x08001290   0x08001290   0x0000000a   Code   RO          828    .text.OUTLINED_FUNCTION_6  stm32l4xx_hal_rcc_ex.o
    0x0800129a   0x0800129a   0x0000000a   Code   RO          832    .text.OUTLINED_FUNCTION_8  stm32l4xx_hal_rcc_ex.o
    0x080012a4   0x080012a4   0x00000014   Code   RO          207    .text.OUTLINED_FUNCTION_9  stm32l4xx_hal_uart.o
    0x080012b8   0x080012b8   0x00000006   Code   RO          834    .text.OUTLINED_FUNCTION_9  stm32l4xx_hal_rcc_ex.o
    0x080012be   0x080012be   0x00000002   Code   RO           40    .text.PendSV_Handler  stm32l4xx_it.o
    0x080012c0   0x080012c0   0x000000ec   Code   RO          776    .text.RCCEx_PLLSAI1_Config  stm32l4xx_hal_rcc_ex.o
    0x080013ac   0x080013ac   0x000000d0   Code   RO          778    .text.RCCEx_PLLSAI2_Config  stm32l4xx_hal_rcc_ex.o
    0x0800147c   0x0800147c   0x00000084   Code   RO          730    .text.RCC_SetFlashLatencyFromMSIRange  stm32l4xx_hal_rcc.o
    0x08001500   0x08001500   0x00000002   Code   RO           36    .text.SVC_Handler   stm32l4xx_it.o
    0x08001502   0x08001502   0x00000004   Code   RO           42    .text.SysTick_Handler  stm32l4xx_it.o
    0x08001506   0x08001506   0x0000006a   Code   RO           13    .text.SystemClock_Config  main.o
    0x08001570   0x08001570   0x0000004c   Code   RO         1193    .text.SystemInit    system_stm32l4xx.o
    0x080015bc   0x080015bc   0x000000a8   Code   RO           73    .text.UART_AdvFeatureConfig  stm32l4xx_hal_uart.o
    0x08001664   0x08001664   0x0000004c   Code   RO           75    .text.UART_CheckIdleState  stm32l4xx_hal_uart.o
    0x080016b0   0x080016b0   0x00000218   Code   RO           71    .text.UART_SetConfig  stm32l4xx_hal_uart.o
    0x080018c8   0x080018c8   0x0000007c   Code   RO           89    .text.UART_WaitOnFlagUntilTimeout  stm32l4xx_hal_uart.o
    0x08001944   0x08001944   0x00000002   Code   RO           34    .text.UsageFault_Handler  stm32l4xx_it.o
    0x08001946   0x08001946   0x00000002   PAD
    0x08001948   0x08001948   0x00000024   Code   RO         1119    .text.__NVIC_SetPriority  stm32l4xx_hal_cortex.o
    0x0800196c   0x0800196c   0x00000124   Code   RO           11    .text.main          main.o
    0x08001a90   0x08001a90   0x0000000e   Code   RO         1241    i.__scatterload_copy  mc_w.l(handlers.o)
    0x08001a9e   0x08001a9e   0x00000002   Code   RO         1242    i.__scatterload_null  mc_w.l(handlers.o)
    0x08001aa0   0x08001aa0   0x0000000e   Code   RO         1243    i.__scatterload_zeroinit  mc_w.l(handlers.o)
    0x08001aae   0x08001aae   0x00000010   Data   RO         1198    .rodata.AHBPrescTable  system_stm32l4xx.o
    0x08001abe   0x08001abe   0x00000008   Data   RO         1199    .rodata.APBPrescTable  system_stm32l4xx.o
    0x08001ac6   0x08001ac6   0x00000002   PAD
    0x08001ac8   0x08001ac8   0x00000030   Data   RO         1200    .rodata.MSIRangeTable  system_stm32l4xx.o
    0x08001af8   0x08001af8   0x00000010   Data   RO          231    .rodata.cst16       stm32l4xx_hal_uart.o
    0x08001b08   0x08001b08   0x00000020   Data   RO         1240    Region$$Table       anon$$obj.o


    Execution Region RW_IRAM2 (Exec base: 0x10000000, Load base: 0x08001b38, Size: 0x00000000, Max: 0x00008000, ABSOLUTE)

    **** No section assigned to this execution region ****


    Execution Region RW_IRAM1 (Exec base: 0x20000000, Load base: 0x08001b28, Size: 0x00000498, Max: 0x00018000, ABSOLUTE)

    Exec Addr    Load Addr    Size         Type   Attr      Idx    E Section Name        Object

    0x20000000   0x08001b28   0x00000008   Data   RW          341    .data..L_MergedGlobals  stm32l4xx_hal.o
    0x20000008   0x08001b30   0x00000004   Data   RW         1197    .data.SystemCoreClock  system_stm32l4xx.o
    0x2000000c   0x08001b34   0x00000004   PAD
    0x20000010        -       0x00000080   Zero   RW           17    .bss.huart1         main.o
    0x20000090        -       0x00000004   Zero   RW          340    .bss.uwTick         stm32l4xx_hal.o
    0x20000094   0x08001b34   0x00000004   PAD
    0x20000098        -       0x00000400   Zero   RW            1    STACK               startup_stm32l476xx.o


==============================================================================

Image component sizes


      Code (inc. data)   RO Data    RW Data    ZI Data      Debug   Object Name

       398        128          0          0        128       7211   main.o
        36          8        392          0       1024        836   startup_stm32l476xx.o
       172         12          0          8          4       9187   stm32l4xx_hal.o
       164         24          0          0          0      10321   stm32l4xx_hal_cortex.o
       414         20          0          0          0       5250   stm32l4xx_hal_gpio.o
       140         12          0          0          0       5056   stm32l4xx_hal_msp.o
       116          8          0          0          0       9661   stm32l4xx_hal_pwr_ex.o
      1994         80          0          0          0       9955   stm32l4xx_hal_rcc.o
      1332         32          0          0          0      13593   stm32l4xx_hal_rcc_ex.o
      1244        108         16          0          0      22992   stm32l4xx_hal_uart.o
        20          0          0          0          0       1027   stm32l4xx_it.o
        76         12         72          4          0       3165   system_stm32l4xx.o

    ----------------------------------------------------------------------
      6112        444        514         12       1164      98254   Object Totals
         0          0         32          0          0          0   (incl. Generated)
         6          0          2          0          8          0   (incl. Padding)

    ----------------------------------------------------------------------

      Code (inc. data)   RO Data    RW Data    ZI Data      Debug   Library Member Name

         0          0          0          0          0          0   entry.o
         0          0          0          0          0          0   entry10a.o
         0          0          0          0          0          0   entry11a.o
         8          4          0          0          0          0   entry2.o
         4          0          0          0          0          0   entry5.o
         0          0          0          0          0          0   entry7b.o
         0          0          0          0          0          0   entry8b.o
         8          4          0          0          0          0   entry9a.o
        30          0          0          0          0          0   handlers.o
        36          8          0          0          0         68   init.o
        30          0          0          0          0         68   llshl.o
        32          0          0          0          0         68   llushr.o
        36          0          0          0          0         68   memcpya.o
        36          0          0          0          0        108   memseta.o
       104          0          0          0          0         92   uldiv.o

    ----------------------------------------------------------------------
       326         16          0          0          0        472   Library Totals
         2          0          0          0          0          0   (incl. Padding)

    ----------------------------------------------------------------------

      Code (inc. data)   RO Data    RW Data    ZI Data      Debug   Library Name

       324         16          0          0          0        472   mc_w.l

    ----------------------------------------------------------------------
       326         16          0          0          0        472   Library Totals

    ----------------------------------------------------------------------

==============================================================================


      Code (inc. data)   RO Data    RW Data    ZI Data      Debug   

      6438        460        514         12       1164      98614   Grand Totals
      6438        460        514         12       1164      98614   ELF Image Totals
      6438        460        514         12          0          0   ROM Totals

==============================================================================

    Total RO  Size (Code + RO Data)                 6952 (   6.79kB)
    Total RW  Size (RW Data + ZI Data)              1176 (   1.15kB)
    Total ROM Size (Code + RO Data + RW Data)       6964 (   6.80kB)

==============================================================================

